Unhandled exception: e06d7363
Date/Time: 2022-06-20, 16:15:31
Fault address: 7FFE8B2E4FD9 (c:\windows\system32\kernelbase.dll)
libobs version: 27.2.0-464-g1ac758a2e-modified (64-bit)
Windows version: 10.0 build 19044 (release: 2009; revision: 1766; 64-bit)
CPU: AMD Ryzen 7 5800U with Radeon Graphics         


Thread 7A6C: (Crashed)
Stack            EIP              Arg0             Arg1             Arg2             Arg3             Address
000000AF431AD3D0 00007FFE8B2E4FD9 000001C959704200 0000000000000000 0000000000000000 000000000000000F kernelbase.dll!0x7ffe8b2e4fd9
000000AF431AD4B0 00007FFE805B66C0 000001C9594DBD50 000001C95959E4A0 000001C9594DBD50 000001C95970E6C0 vcruntime140.dll!0x7ffe805b66c0
000000AF431AD510 00007FFE37FA6FF8 0000000000000002 00007FFE37FC1AA0 0000000000000002 00007FFE37FA0000 iklanlive-plugin.dll!nlohmann::detail::from_json<nlohmann::basic_json<std::map,std::vector,std::basic_string<char,std::char_traits<char>,std::allocator<char> >,bool,__int64,unsigned __int64,double,std::allocator,nlohmann::adl_serializer,std::vector<unsigned char,std::allocato+0xb8
000000AF431AD5D0 00007FFE37FB7829 0000000000000000 000001C9596FA260 000001C959704150 000001C95955E560 iklanlive-plugin.dll!getClosestLivestream+0x959
000000AF431ADA20 00007FFE37FB624B 0000000000000000 000001C959813200 000001C959813200 000001C9594B7250 iklanlive-plugin.dll!ads_source_create+0xfb
000000AF431ADB30 00007FFE396D00DF 000001C9594C27E0 000001C95959E4A0 000001C95955ECA0 0000000000000000 obs.dll!0x7ffe396d00df
000000AF431ADBB0 00007FFE396D028A 000001C94F18FA70 0000000000000000 000001C94F18FA70 0000000000000000 obs.dll!0x7ffe396d028a
000000AF431ADBF0 00007FFE39695050 0000000000000000 0000000000000000 000000001B020004 000001C9595C2F40 obs.dll!0x7ffe39695050
000000AF431ADC50 00007FFE39695482 000001C95955EC40 00007FF73AEC5EC0 000001C9596F9DC0 000001C94F1CD388 obs.dll!0x7ffe39695482
000000AF431ADCE0 00007FF73AEDB25C 00007FF73B044690 000000AF431AE000 0000000000000000 00007FF73B044690 obs64.exe!0x7ff73aedb25c
000000AF431ADF00 00007FF73AEE055C 000001C95143CED0 000001C95143CED0 FFFFFFFFFFFFFFFF 000000AF431AF420 obs64.exe!0x7ff73aee055c
000000AF431AEE10 00007FF73AE5A590 000000AF431AF200 00007FF73B11FAF0 000000AF431AF580 000001C94F181100 obs64.exe!0x7ff73ae5a590
000000AF431AF170 00007FF73AE61270 0000000000000000 000001C94F181270 000001C900000000 000001C94F17BB40 obs64.exe!0x7ff73ae61270
000000AF431AF540 00007FF73AE638C0 0000000000000000 0000000000000000 0000000000000000 FFFFFFFFFFFFFFFF obs64.exe!0x7ff73ae638c0
000000AF431AF710 00007FF73B00C4A7 0000000000000000 0000000000000000 0000000000000000 0000000000000000 obs64.exe!0x7ff73b00c4a7
000000AF431AF7A0 00007FF73B00BD52 0000000000000000 0000000000000000 0000000000000000 0000000000000000 obs64.exe!0x7ff73b00bd52
000000AF431AF7E0 00007FFE8D897034 0000000000000000 0000000000000000 0000000000000000 0000000000000000 kernel32.dll!0x7ffe8d897034
000000AF431AF810 00007FFE8DAE2651 0000000000000000 0000000000000000 0000000000000000 0000000000000000 ntdll.dll!0x7ffe8dae2651

Thread 8354:
Stack            EIP              Arg0             Arg1             Arg2             Arg3             Address
000000AF434FFA28 00007FFE8DB30794 0000000000000000 0000000000000000 000001C94F143860 000001C94F148770 ntdll.dll!0x7ffe8db30794
000000AF434FFA30 00007FFE8DAE2DC7 0000000000000000 0000000000000000 0000000000000000 0000000000000000 ntdll.dll!0x7ffe8dae2dc7
000000AF434FFD30 00007FFE8D897034 0000000000000000 0000000000000000 0000000000000000 0000000000000000 kernel32.dll!0x7ffe8d897034
000000AF434FFD60 00007FFE8DAE2651 0000000000000000 0000000000000000 0000000000000000 0000000000000000 ntdll.dll!0x7ffe8dae2651

Thread 63F0:
Stack            EIP              Arg0             Arg1             Arg2             Arg3             Address
000000AF435FFB48 00007FFE8DB30794 0000000000000000 0000000000000000 000001C94F143860 000001C94F148B10 ntdll.dll!0x7ffe8db30794
000000AF435FFB50 00007FFE8DAE2DC7 0000000000000000 0000000000000000 0000000000000000 0000000000000000 ntdll.dll!0x7ffe8dae2dc7
000000AF435FFE50 00007FFE8D897034 0000000000000000 0000000000000000 0000000000000000 0000000000000000 kernel32.dll!0x7ffe8d897034
000000AF435FFE80 00007FFE8DAE2651 0000000000000000 0000000000000000 0000000000000000 0000000000000000 ntdll.dll!0x7ffe8dae2651

Thread 31FC:
Stack            EIP              Arg0             Arg1             Arg2             Arg3             Address
000000AF436FF948 00007FFE8DB30794 0000000000000000 0000000000000000 000001C94F143860 000001C94F1491C0 ntdll.dll!0x7ffe8db30794
000000AF436FF950 00007FFE8DAE2DC7 0000000000000000 0000000000000000 0000000000000000 0000000000000000 ntdll.dll!0x7ffe8dae2dc7
000000AF436FFC50 00007FFE8D897034 0000000000000000 0000000000000000 0000000000000000 0000000000000000 kernel32.dll!0x7ffe8d897034
000000AF436FFC80 00007FFE8DAE2651 0000000000000000 0000000000000000 0000000000000000 0000000000000000 ntdll.dll!0x7ffe8dae2651

Thread 18B4:
Stack            EIP              Arg0             Arg1             Arg2             Arg3             Address
000000AF437FF8D8 00007FFE8DB30794 000001C94F140AF8 000001C94F140AF8 000001C94F140B50 000001C94F140B68 ntdll.dll!0x7ffe8db30794
000000AF437FF8E0 00007FFE8DAE2DC7 0000000000000000 0000000000000000 0000000000000000 0000000000000000 ntdll.dll!0x7ffe8dae2dc7
000000AF437FFBE0 00007FFE8D897034 0000000000000000 0000000000000000 0000000000000000 0000000000000000 kernel32.dll!0x7ffe8d897034
000000AF437FFC10 00007FFE8DAE2651 0000000000000000 0000000000000000 0000000000000000 0000000000000000 ntdll.dll!0x7ffe8dae2651

Thread 7550:
Stack            EIP              Arg0             Arg1             Arg2             Arg3             Address
000000AF438FF678 00007FFE8DB30794 0000000000010010 000001C94F140A01 000001C900000001 000001C94F19DA10 ntdll.dll!0x7ffe8db30794
000000AF438FF680 00007FFE8DAE2DC7 0000000000000000 0000000000000000 0000000000000000 0000000000000000 ntdll.dll!0x7ffe8dae2dc7
000000AF438FF980 00007FFE8D897034 0000000000000000 0000000000000000 0000000000000000 0000000000000000 kernel32.dll!0x7ffe8d897034
000000AF438FF9B0 00007FFE8DAE2651 0000000000000000 0000000000000000 0000000000000000 0000000000000000 ntdll.dll!0x7ffe8dae2651

Thread 76D4:
Stack            EIP              Arg0             Arg1             Arg2             Arg3             Address
000000AF439FFC38 00007FFE8DB2CDC4 000001C94F1AB348 000001C951429F50 0000000000000000 000001C94F1F4330 ntdll.dll!0x7ffe8db2cdc4
000000AF439FFC40 00007FFE8B2D1ACE 0000000000007530 0000000000007530 000001C900000000 0000000000000424 kernelbase.dll!0x7ffe8b2d1ace
000000AF439FFCE0 00007FFE38ACB11B 000001C94F1A9B60 000001C94F1A9B70 000001C94F16AE28 0000000000000001 qt5core.dll!0x7ffe38acb11b
000000AF439FFD30 00007FFE38ACB186 000001C94F16AE29 000001C94F16AE28 000001C94F1A9B60 0000000000000000 qt5core.dll!0x7ffe38acb186
000000AF439FFD60 00007FFE38AC93B3 000001C94F1A9B60 000001C94F16AE29 000001C94F1A9B60 000001C94F167498 qt5core.dll!0x7ffe38ac93b3
000000AF439FFDF0 00007FFE38AC5FF1 0000000000000000 0000000000000000 0000000000000000 0000000000000000 qt5core.dll!0x7ffe38ac5ff1
000000AF439FFE20 00007FFE8D897034 0000000000000000 0000000000000000 0000000000000000 0000000000000000 kernel32.dll!0x7ffe8d897034
000000AF439FFE50 00007FFE8DAE2651 0000000000000000 0000000000000000 0000000000000000 0000000000000000 ntdll.dll!0x7ffe8dae2651

Thread 229C:
Stack            EIP              Arg0             Arg1             Arg2             Arg3             Address
000000AF43AFFB68 00007FFE8DB2CDC4 000001C94F1AB368 00007FFE8DAB36BD 0000000000000000 000001C94F1F41D0 ntdll.dll!0x7ffe8db2cdc4
000000AF43AFFB70 00007FFE8B2D1ACE 0000000000007530 0000000000007530 000001C900000000 0000000000000428 kernelbase.dll!0x7ffe8b2d1ace
000000AF43AFFC10 00007FFE38ACB11B 000001C94F1AA2B0 000001C94F1AA2C0 000001C94F16AE28 0000000000000001 qt5core.dll!0x7ffe38acb11b
000000AF43AFFC60 00007FFE38ACB186 000001C94F16AE29 0000000000000001 000001C94F1AA2B0 0000000000000000 qt5core.dll!0x7ffe38acb186
000000AF43AFFC90 00007FFE38AC93B3 000001C94F1AA2B0 000001C94F16AE29 000001C94F1AA2B0 000001C94F167538 qt5core.dll!0x7ffe38ac93b3
000000AF43AFFD20 00007FFE38AC5FF1 0000000000000000 0000000000000000 0000000000000000 0000000000000000 qt5core.dll!0x7ffe38ac5ff1
000000AF43AFFD50 00007FFE8D897034 0000000000000000 0000000000000000 0000000000000000 0000000000000000 kernel32.dll!0x7ffe8d897034
000000AF43AFFD80 00007FFE8DAE2651 0000000000000000 0000000000000000 0000000000000000 0000000000000000 ntdll.dll!0x7ffe8dae2651

Thread 8248:
Stack            EIP              Arg0             Arg1             Arg2             Arg3             Address
000000AF43BFF8B8 00007FFE8DB2CDC4 000001C951410208 000001C951429F50 0000000000000000 000001C94F1F3CD0 ntdll.dll!0x7ffe8db2cdc4
000000AF43BFF8C0 00007FFE8B2D1ACE 0000000000007530 0000000000007530 000001C900000000 000000000000042C kernelbase.dll!0x7ffe8b2d1ace
000000AF43BFF960 00007FFE38ACB11B 000001C94F1AA400 000001C94F1AA410 000001C94F16AE28 0000000000000001 qt5core.dll!0x7ffe38acb11b
000000AF43BFF9B0 00007FFE38ACB186 000001C94F16AE29 0000000000000001 000001C94F1AA400 0000000000000000 qt5core.dll!0x7ffe38acb186
000000AF43BFF9E0 00007FFE38AC93B3 000001C94F1AA400 000001C94F16AE29 000001C94F1AA400 000001C94F1F21F8 qt5core.dll!0x7ffe38ac93b3
000000AF43BFFA70 00007FFE38AC5FF1 0000000000000000 0000000000000000 0000000000000000 0000000000000000 qt5core.dll!0x7ffe38ac5ff1
000000AF43BFFAA0 00007FFE8D897034 0000000000000000 0000000000000000 0000000000000000 0000000000000000 kernel32.dll!0x7ffe8d897034
000000AF43BFFAD0 00007FFE8DAE2651 0000000000000000 0000000000000000 0000000000000000 0000000000000000 ntdll.dll!0x7ffe8dae2651

Thread 738C:
Stack            EIP              Arg0             Arg1             Arg2             Arg3             Address
000000AF43CFF858 00007FFE8DB2CDC4 000001C9514102A8 000001C951429F50 0000000000000000 000001C94F1F40F0 ntdll.dll!0x7ffe8db2cdc4
000000AF43CFF860 00007FFE8B2D1ACE 0000000000007530 0000000000007530 000001C900000000 0000000000000430 kernelbase.dll!0x7ffe8b2d1ace
000000AF43CFF900 00007FFE38ACB11B 000001C94F1A9FB0 000001C94F1A9FC0 000001C94F16AE28 0000000000000001 qt5core.dll!0x7ffe38acb11b
000000AF43CFF950 00007FFE38ACB186 000001C94F16AE29 0000000000000001 0000000000000001 0000000000000000 qt5core.dll!0x7ffe38acb186
000000AF43CFF980 00007FFE38AC93B3 000001C94F1A9FB0 000001C94F16AE29 000001C94F1A9FB0 000001C94F1F2798 qt5core.dll!0x7ffe38ac93b3
000000AF43CFFA10 00007FFE38AC5FF1 0000000000000000 0000000000000000 0000000000000000 0000000000000000 qt5core.dll!0x7ffe38ac5ff1
000000AF43CFFA40 00007FFE8D897034 0000000000000000 0000000000000000 0000000000000000 0000000000000000 kernel32.dll!0x7ffe8d897034
000000AF43CFFA70 00007FFE8DAE2651 0000000000000000 0000000000000000 0000000000000000 0000000000000000 ntdll.dll!0x7ffe8dae2651

Thread 1AAC: libobs: hotkey thread
Stack            EIP              Arg0             Arg1             Arg2             Arg3             Address
000000AF43DFF9A8 00007FFE8DB2CDC4 000001C959789440 0000000000000000 0000000000000000 0000000000000000 ntdll.dll!0x7ffe8db2cdc4
000000AF43DFF9B0 00007FFE8B2D1ACE 0000000000000000 0000000000000000 000001C900000000 00000000000005F0 kernelbase.dll!0x7ffe8b2d1ace
000000AF43DFFA50 00007FFE3971279F 0000000000000000 0000000000000000 0000000000000000 0000000000000000 obs.dll!0x7ffe3971279f
000000AF43DFFA80 00007FFE396AAB29 FFFFFFFFFFFFFFFF 000000AF43DFFB29 0000000000000000 0000000000000000 obs.dll!0x7ffe396aab29
000000AF43DFFAE0 00007FFE61147A26 000001C94F1BE120 0000000000000000 0000000000000000 0000000000000000 w32-pthreads.dll!0x7ffe61147a26
000000AF43DFFB90 00007FFE8B1D1BB2 0000000000000000 0000000000000000 0000000000000000 0000000000000000 ucrtbase.dll!0x7ffe8b1d1bb2
000000AF43DFFBC0 00007FFE8D897034 0000000000000000 0000000000000000 0000000000000000 0000000000000000 kernel32.dll!0x7ffe8d897034
000000AF43DFFBF0 00007FFE8DAE2651 0000000000000000 0000000000000000 0000000000000000 0000000000000000 ntdll.dll!0x7ffe8dae2651

Thread 4AEC: tiny_tubular_task_thread
Stack            EIP              Arg0             Arg1             Arg2             Arg3             Address
000000AF43EFF558 00007FFE8DB2CDC4 0000000000000000 00007FFE8B2B0000 000001C94F143C90 00007FFE8DA9FC41 ntdll.dll!0x7ffe8db2cdc4
000000AF43EFF560 00007FFE8B2D1ACE 000001C95143BF80 0000000000000000 0000000000000000 0000000000000600 kernelbase.dll!0x7ffe8b2d1ace
000000AF43EFF600 00007FFE397128CC 000001C95143BF80 0000000000000010 0000000000000010 0000000000000000 obs.dll!0x7ffe397128cc
000000AF43EFF630 00007FFE3970ED19 000000AF43EFF6E9 0000000000000000 0000000000000000 0000000000000000 obs.dll!0x7ffe3970ed19
000000AF43EFF6A0 00007FFE61147A26 000001C94F1BE2D0 0000000000000000 0000000000000000 0000000000000000 w32-pthreads.dll!0x7ffe61147a26
000000AF43EFF750 00007FFE8B1D1BB2 0000000000000000 0000000000000000 0000000000000000 0000000000000000 ucrtbase.dll!0x7ffe8b1d1bb2
000000AF43EFF780 00007FFE8D897034 0000000000000000 0000000000000000 0000000000000000 0000000000000000 kernel32.dll!0x7ffe8d897034
000000AF43EFF7B0 00007FFE8DAE2651 0000000000000000 0000000000000000 0000000000000000 0000000000000000 ntdll.dll!0x7ffe8dae2651

Thread 4B30: audio-io: audio thread
Stack            EIP              Arg0             Arg1             Arg2             Arg3             Address
000000AF43FFF8F8 00007FFE8DB2D3C4 000000AF43FFF9B8 0000000000000000 0000000000000000 0000000000000000 ntdll.dll!0x7ffe8db2d3c4
000000AF43FFF900 00007FFE8B2F96DE 00005E50FF4F9C74 000001C900000000 000001C9C00000BB 0000000000000000 kernelbase.dll!0x7ffe8b2f96de
000000AF43FFF9A0 00007FFE3971511F 0000000000000000 000001C953C8E9C0 0000000000030C00 000001C953C8E9C0 obs.dll!0x7ffe3971511f
000000AF43FFF9D0 00007FFE396FDC6E 0000000000000298 0000000000000000 FFFFFFFFFFFFFFFF 0000000000000000 obs.dll!0x7ffe396fdc6e
000000AF43FFFA30 00007FFE61147A26 000001C953C55E40 0000000000000000 0000000000000000 0000000000000000 w32-pthreads.dll!0x7ffe61147a26
000000AF43FFFAE0 00007FFE8B1D1BB2 0000000000000000 0000000000000000 0000000000000000 0000000000000000 ucrtbase.dll!0x7ffe8b1d1bb2
000000AF43FFFB10 00007FFE8D897034 0000000000000000 0000000000000000 0000000000000000 0000000000000000 kernel32.dll!0x7ffe8d897034
000000AF43FFFB40 00007FFE8DAE2651 0000000000000000 0000000000000000 0000000000000000 0000000000000000 ntdll.dll!0x7ffe8dae2651

Thread 6F4C:
Stack            EIP              Arg0             Arg1             Arg2             Arg3             Address
000000AF440FF8C8 00007FFE8DB2D894 0000000000000000 0000000000000000 0000000000000000 0000000000000000 ntdll.dll!0x7ffe8db2d894
000000AF440FF8D0 00007FFE8B2FCBC0 0000000000000000 0000000000000000 000001C953C25D60 0000000000000000 kernelbase.dll!0x7ffe8b2fcbc0
000000AF440FFBC0 00007FFE8B75BEE7 0000000000000000 0000000000000000 0000000000000000 0000000000000000 crypt32.dll!0x7ffe8b75bee7
000000AF440FFC00 00007FFE8D897034 0000000000000000 0000000000000000 0000000000000000 0000000000000000 kernel32.dll!0x7ffe8d897034
000000AF440FFC30 00007FFE8DAE2651 0000000000000000 0000000000000000 0000000000000000 0000000000000000 ntdll.dll!0x7ffe8dae2651

Thread 3E58:
Stack            EIP              Arg0             Arg1             Arg2             Arg3             Address
000000AF431BFDF8 00007FFE8DB2CDC4 0000000000000000 0000000000000000 0000000000000000 0000000000000000 ntdll.dll!0x7ffe8db2cdc4
000000AF431BFE00 00007FFE8B2D1ACE 000001C953F90790 0000000000000000 000001C900000000 0000000000000764 kernelbase.dll!0x7ffe8b2d1ace
000000AF431BFEA0 00007FFDEC6C174D 0000000000000000 0000000000000000 000001C953E085F0 0000000000000000 nvwgf2umx.dll!0x7ffdec6c174d
000000AF431BFEF0 00007FFDED318154 0000000000000000 0000000000000000 0000000000000000 0000000000000000 nvwgf2umx.dll!0x7ffded318154
000000AF431BFF20 00007FFE8D897034 0000000000000000 0000000000000000 0000000000000000 0000000000000000 kernel32.dll!0x7ffe8d897034
000000AF431BFF50 00007FFE8DAE2651 0000000000000000 0000000000000000 0000000000000000 0000000000000000 ntdll.dll!0x7ffe8dae2651

Thread 6CCC:
Stack            EIP              Arg0             Arg1             Arg2             Arg3             Address
000000AF431CF698 00007FFE8DB2CDC4 0000000000000000 0000000000000000 0000000000000000 0000000000000000 ntdll.dll!0x7ffe8db2cdc4
000000AF431CF6A0 00007FFE8B2D1ACE 000001C953F90790 0000000000000000 000001C900000000 0000000000000764 kernelbase.dll!0x7ffe8b2d1ace
000000AF431CF740 00007FFDEC6C174D 0000000000000000 0000000000000000 000001C953E08AD0 0000000000000000 nvwgf2umx.dll!0x7ffdec6c174d
000000AF431CF790 00007FFDED318154 0000000000000000 0000000000000000 0000000000000000 0000000000000000 nvwgf2umx.dll!0x7ffded318154
000000AF431CF7C0 00007FFE8D897034 0000000000000000 0000000000000000 0000000000000000 0000000000000000 kernel32.dll!0x7ffe8d897034
000000AF431CF7F0 00007FFE8DAE2651 0000000000000000 0000000000000000 0000000000000000 0000000000000000 ntdll.dll!0x7ffe8dae2651

Thread 5490:
Stack            EIP              Arg0             Arg1             Arg2             Arg3             Address
000000AF431DF788 00007FFE8DB2CDC4 0000000000000000 0000000000000000 0000000000000000 0000000000000000 ntdll.dll!0x7ffe8db2cdc4
000000AF431DF790 00007FFE8B2D1ACE 000001C953F90790 0000000000000000 000001C900000000 0000000000000764 kernelbase.dll!0x7ffe8b2d1ace
000000AF431DF830 00007FFDEC6C174D 0000000000000000 0000000000000000 000001C953F93190 0000000000000000 nvwgf2umx.dll!0x7ffdec6c174d
000000AF431DF880 00007FFDED318154 0000000000000000 0000000000000000 0000000000000000 0000000000000000 nvwgf2umx.dll!0x7ffded318154
000000AF431DF8B0 00007FFE8D897034 0000000000000000 0000000000000000 0000000000000000 0000000000000000 kernel32.dll!0x7ffe8d897034
000000AF431DF8E0 00007FFE8DAE2651 0000000000000000 0000000000000000 0000000000000000 0000000000000000 ntdll.dll!0x7ffe8dae2651

Thread 1E34:
Stack            EIP              Arg0             Arg1             Arg2             Arg3             Address
000000AF431EFD18 00007FFE8DB2CDC4 0000000000000000 0000000000000000 0000000000000000 0000000000000000 ntdll.dll!0x7ffe8db2cdc4
000000AF431EFD20 00007FFE8B2D1ACE 000001C953F90790 0000000000000000 000001C900000000 0000000000000764 kernelbase.dll!0x7ffe8b2d1ace
000000AF431EFDC0 00007FFDEC6C174D 0000000000000000 0000000000000000 000001C953F93250 0000000000000000 nvwgf2umx.dll!0x7ffdec6c174d
000000AF431EFE10 00007FFDED318154 0000000000000000 0000000000000000 0000000000000000 0000000000000000 nvwgf2umx.dll!0x7ffded318154
000000AF431EFE40 00007FFE8D897034 0000000000000000 0000000000000000 0000000000000000 0000000000000000 kernel32.dll!0x7ffe8d897034
000000AF431EFE70 00007FFE8DAE2651 0000000000000000 0000000000000000 0000000000000000 0000000000000000 ntdll.dll!0x7ffe8dae2651

Thread 41D8:
Stack            EIP              Arg0             Arg1             Arg2             Arg3             Address
000000AF431FF6F8 00007FFE8DB2CDC4 0000000000000000 0000000000000000 0000000000000000 0000000000000000 ntdll.dll!0x7ffe8db2cdc4
000000AF431FF700 00007FFE8B2D1ACE 000001C953F90790 0000000000000000 000001C900000000 0000000000000764 kernelbase.dll!0x7ffe8b2d1ace
000000AF431FF7A0 00007FFDEC6C174D 0000000000000000 0000000000000000 000001C953F931C0 0000000000000000 nvwgf2umx.dll!0x7ffdec6c174d
000000AF431FF7F0 00007FFDED318154 0000000000000000 0000000000000000 0000000000000000 0000000000000000 nvwgf2umx.dll!0x7ffded318154
000000AF431FF820 00007FFE8D897034 0000000000000000 0000000000000000 0000000000000000 0000000000000000 kernel32.dll!0x7ffe8d897034
000000AF431FF850 00007FFE8DAE2651 0000000000000000 0000000000000000 0000000000000000 0000000000000000 ntdll.dll!0x7ffe8dae2651

Thread 7C10:
Stack            EIP              Arg0             Arg1             Arg2             Arg3             Address
000000AF4410F868 00007FFE8DB2CDC4 0000000000000000 0000000000000000 0000000000000000 0000000000000000 ntdll.dll!0x7ffe8db2cdc4
000000AF4410F870 00007FFE8B2D1ACE 000001C953F90790 0000000000000000 000001C900000000 0000000000000764 kernelbase.dll!0x7ffe8b2d1ace
000000AF4410F910 00007FFDEC6C174D 0000000000000000 0000000000000000 000001C953F93D60 0000000000000000 nvwgf2umx.dll!0x7ffdec6c174d
000000AF4410F960 00007FFDED318154 0000000000000000 0000000000000000 0000000000000000 0000000000000000 nvwgf2umx.dll!0x7ffded318154
000000AF4410F990 00007FFE8D897034 0000000000000000 0000000000000000 0000000000000000 0000000000000000 kernel32.dll!0x7ffe8d897034
000000AF4410F9C0 00007FFE8DAE2651 0000000000000000 0000000000000000 0000000000000000 0000000000000000 ntdll.dll!0x7ffe8dae2651

Thread 38AC:
Stack            EIP              Arg0             Arg1             Arg2             Arg3             Address
000000AF4411F958 00007FFE8DB2CDC4 0000000000000000 0000000000000000 0000000000000000 0000000000000000 ntdll.dll!0x7ffe8db2cdc4
000000AF4411F960 00007FFE8B2D1ACE 000001C953F90790 0000000000000000 000001C900000000 0000000000000764 kernelbase.dll!0x7ffe8b2d1ace
000000AF4411FA00 00007FFDEC6C174D 0000000000000000 0000000000000000 000001C953F93CD0 0000000000000000 nvwgf2umx.dll!0x7ffdec6c174d
000000AF4411FA50 00007FFDED318154 0000000000000000 0000000000000000 0000000000000000 0000000000000000 nvwgf2umx.dll!0x7ffded318154
000000AF4411FA80 00007FFE8D897034 0000000000000000 0000000000000000 0000000000000000 0000000000000000 kernel32.dll!0x7ffe8d897034
000000AF4411FAB0 00007FFE8DAE2651 0000000000000000 0000000000000000 0000000000000000 0000000000000000 ntdll.dll!0x7ffe8dae2651

Thread 14A0:
Stack            EIP              Arg0             Arg1             Arg2             Arg3             Address
000000AF4412FCE8 00007FFE8DB2CDC4 0000000000000000 0000000000000000 0000000000000000 0000000000000000 ntdll.dll!0x7ffe8db2cdc4
000000AF4412FCF0 00007FFE8B2D1ACE 000001C953F90790 0000000000000000 000001C900000000 0000000000000764 kernelbase.dll!0x7ffe8b2d1ace
000000AF4412FD90 00007FFDEC6C174D 0000000000000000 0000000000000000 000001C953F93B80 0000000000000000 nvwgf2umx.dll!0x7ffdec6c174d
000000AF4412FDE0 00007FFDED318154 0000000000000000 0000000000000000 0000000000000000 0000000000000000 nvwgf2umx.dll!0x7ffded318154
000000AF4412FE10 00007FFE8D897034 0000000000000000 0000000000000000 0000000000000000 0000000000000000 kernel32.dll!0x7ffe8d897034
000000AF4412FE40 00007FFE8DAE2651 0000000000000000 0000000000000000 0000000000000000 0000000000000000 ntdll.dll!0x7ffe8dae2651

Thread 6108:
Stack            EIP              Arg0             Arg1             Arg2             Arg3             Address
000000AF4413F818 00007FFE8DB2CDC4 0000000000000000 0000000000000000 0000000000000000 0000000000000000 ntdll.dll!0x7ffe8db2cdc4
000000AF4413F820 00007FFE8B2D1ACE 000001C953F90790 0000000000000000 000001C900000000 0000000000000764 kernelbase.dll!0x7ffe8b2d1ace
000000AF4413F8C0 00007FFDEC6C174D 0000000000000000 0000000000000000 000001C953F93DF0 0000000000000000 nvwgf2umx.dll!0x7ffdec6c174d
000000AF4413F910 00007FFDED318154 0000000000000000 0000000000000000 0000000000000000 0000000000000000 nvwgf2umx.dll!0x7ffded318154
000000AF4413F940 00007FFE8D897034 0000000000000000 0000000000000000 0000000000000000 0000000000000000 kernel32.dll!0x7ffe8d897034
000000AF4413F970 00007FFE8DAE2651 0000000000000000 0000000000000000 0000000000000000 0000000000000000 ntdll.dll!0x7ffe8dae2651

Thread 4070:
Stack            EIP              Arg0             Arg1             Arg2             Arg3             Address
000000AF4414FC38 00007FFE8DB2CDC4 0000000000000000 0000000000000000 0000000000000000 0000000000000000 ntdll.dll!0x7ffe8db2cdc4
000000AF4414FC40 00007FFE8B2D1ACE 000001C953F90790 0000000000000000 000001C900000000 0000000000000764 kernelbase.dll!0x7ffe8b2d1ace
000000AF4414FCE0 00007FFDEC6C174D 0000000000000000 0000000000000000 000001C953F93EB0 0000000000000000 nvwgf2umx.dll!0x7ffdec6c174d
000000AF4414FD30 00007FFDED318154 0000000000000000 0000000000000000 0000000000000000 0000000000000000 nvwgf2umx.dll!0x7ffded318154
000000AF4414FD60 00007FFE8D897034 0000000000000000 0000000000000000 0000000000000000 0000000000000000 kernel32.dll!0x7ffe8d897034
000000AF4414FD90 00007FFE8DAE2651 0000000000000000 0000000000000000 0000000000000000 0000000000000000 ntdll.dll!0x7ffe8dae2651

Thread 6E44:
Stack            EIP              Arg0             Arg1             Arg2             Arg3             Address
000000AF4415F7E8 00007FFE8DB2CDC4 0000000000000000 0000000000000000 0000000000000000 0000000000000000 ntdll.dll!0x7ffe8db2cdc4
000000AF4415F7F0 00007FFE8B2D1ACE 000001C953F90790 0000000000000000 000001C900000000 0000000000000764 kernelbase.dll!0x7ffe8b2d1ace
000000AF4415F890 00007FFDEC6C174D 0000000000000000 0000000000000000 000001C953F93B50 0000000000000000 nvwgf2umx.dll!0x7ffdec6c174d
000000AF4415F8E0 00007FFDED318154 0000000000000000 0000000000000000 0000000000000000 0000000000000000 nvwgf2umx.dll!0x7ffded318154
000000AF4415F910 00007FFE8D897034 0000000000000000 0000000000000000 0000000000000000 0000000000000000 kernel32.dll!0x7ffe8d897034
000000AF4415F940 00007FFE8DAE2651 0000000000000000 0000000000000000 0000000000000000 0000000000000000 ntdll.dll!0x7ffe8dae2651

Thread 654:
Stack            EIP              Arg0             Arg1             Arg2             Arg3             Address
000000AF4416FCC8 00007FFE8DB2CDC4 0000000000000000 0000000000000000 0000000000000000 0000000000000000 ntdll.dll!0x7ffe8db2cdc4
000000AF4416FCD0 00007FFE8B2D1ACE 000001C953F90790 0000000000000000 000001C900000000 0000000000000764 kernelbase.dll!0x7ffe8b2d1ace
000000AF4416FD70 00007FFDEC6C174D 0000000000000000 0000000000000000 000001C953F93BE0 0000000000000000 nvwgf2umx.dll!0x7ffdec6c174d
000000AF4416FDC0 00007FFDED318154 0000000000000000 0000000000000000 0000000000000000 0000000000000000 nvwgf2umx.dll!0x7ffded318154
000000AF4416FDF0 00007FFE8D897034 0000000000000000 0000000000000000 0000000000000000 0000000000000000 kernel32.dll!0x7ffe8d897034
000000AF4416FE20 00007FFE8DAE2651 0000000000000000 0000000000000000 0000000000000000 0000000000000000 ntdll.dll!0x7ffe8dae2651

Thread 6160:
Stack            EIP              Arg0             Arg1             Arg2             Arg3             Address
000000AF4417F618 00007FFE8DB2CDC4 0000000000000000 0000000000000000 0000000000000000 0000000000000000 ntdll.dll!0x7ffe8db2cdc4
000000AF4417F620 00007FFE8B2D1ACE 000001C953F90790 0000000000000000 000001C900000000 0000000000000764 kernelbase.dll!0x7ffe8b2d1ace
000000AF4417F6C0 00007FFDEC6C174D 0000000000000000 0000000000000000 000001C953F93E50 0000000000000000 nvwgf2umx.dll!0x7ffdec6c174d
000000AF4417F710 00007FFDED318154 0000000000000000 0000000000000000 0000000000000000 0000000000000000 nvwgf2umx.dll!0x7ffded318154
000000AF4417F740 00007FFE8D897034 0000000000000000 0000000000000000 0000000000000000 0000000000000000 kernel32.dll!0x7ffe8d897034
000000AF4417F770 00007FFE8DAE2651 0000000000000000 0000000000000000 0000000000000000 0000000000000000 ntdll.dll!0x7ffe8dae2651

Thread 6004:
Stack            EIP              Arg0             Arg1             Arg2             Arg3             Address
000000AF4418FCF8 00007FFE8DB2CDC4 0000000000000000 0000000000000000 0000000000000000 0000000000000000 ntdll.dll!0x7ffe8db2cdc4
000000AF4418FD00 00007FFE8B2D1ACE 000001C953F90790 0000000000000000 000001C900000000 0000000000000764 kernelbase.dll!0x7ffe8b2d1ace
000000AF4418FDA0 00007FFDEC6C174D 0000000000000000 0000000000000000 000001C953F93C10 0000000000000000 nvwgf2umx.dll!0x7ffdec6c174d
000000AF4418FDF0 00007FFDED318154 0000000000000000 0000000000000000 0000000000000000 0000000000000000 nvwgf2umx.dll!0x7ffded318154
000000AF4418FE20 00007FFE8D897034 0000000000000000 0000000000000000 0000000000000000 0000000000000000 kernel32.dll!0x7ffe8d897034
000000AF4418FE50 00007FFE8DAE2651 0000000000000000 0000000000000000 0000000000000000 0000000000000000 ntdll.dll!0x7ffe8dae2651

Thread 302C:
Stack            EIP              Arg0             Arg1             Arg2             Arg3             Address
000000AF4419F998 00007FFE8DB2CDC4 0000000000000000 0000000000000000 0000000000000000 0000000000000000 ntdll.dll!0x7ffe8db2cdc4
000000AF4419F9A0 00007FFE8B2D1ACE 000001C953F90790 0000000000000000 000001C900000000 0000000000000764 kernelbase.dll!0x7ffe8b2d1ace
000000AF4419FA40 00007FFDEC6C174D 0000000000000000 0000000000000000 000001C953FAB000 0000000000000000 nvwgf2umx.dll!0x7ffdec6c174d
000000AF4419FA90 00007FFDED318154 0000000000000000 0000000000000000 0000000000000000 0000000000000000 nvwgf2umx.dll!0x7ffded318154
000000AF4419FAC0 00007FFE8D897034 0000000000000000 0000000000000000 0000000000000000 0000000000000000 kernel32.dll!0x7ffe8d897034
000000AF4419FAF0 00007FFE8DAE2651 0000000000000000 0000000000000000 0000000000000000 0000000000000000 ntdll.dll!0x7ffe8dae2651

Thread 51FC:
Stack            EIP              Arg0             Arg1             Arg2             Arg3             Address
000000AF441AFB98 00007FFE8DB2CDC4 0000000000000000 0000000000000000 0000000000000000 0000000000000000 ntdll.dll!0x7ffe8db2cdc4
000000AF441AFBA0 00007FFE8B2D1ACE 000001C953F90790 0000000000000000 000001C900000000 0000000000000764 kernelbase.dll!0x7ffe8b2d1ace
000000AF441AFC40 00007FFDEC6C174D 0000000000000000 0000000000000000 000001C953FAB060 0000000000000000 nvwgf2umx.dll!0x7ffdec6c174d
000000AF441AFC90 00007FFDED318154 0000000000000000 0000000000000000 0000000000000000 0000000000000000 nvwgf2umx.dll!0x7ffded318154
000000AF441AFCC0 00007FFE8D897034 0000000000000000 0000000000000000 0000000000000000 0000000000000000 kernel32.dll!0x7ffe8d897034
000000AF441AFCF0 00007FFE8DAE2651 0000000000000000 0000000000000000 0000000000000000 0000000000000000 ntdll.dll!0x7ffe8dae2651

Thread 37DC:
Stack            EIP              Arg0             Arg1             Arg2             Arg3             Address
000000AF441CF018 00007FFE8DB2CDC4 000001C94F140000 0000000000000000 000001C953D8A4A0 000000000000006C ntdll.dll!0x7ffe8db2cdc4
000000AF441CF020 00007FFE8B2D1ACE 000001C953E93320 00007FFE8DAB604C 000001C900000000 00000000000007BC kernelbase.dll!0x7ffe8b2d1ace
000000AF441CF0C0 00007FFDECD17092 000001C953E93320 0000000000000000 0000000000000000 0000000000000000 nvwgf2umx.dll!0x7ffdecd17092
000000AF441CF660 00007FFDECD15F6A 000001C953E93860 0000000000000000 0000644F10BAF0F7 0000000000000000 nvwgf2umx.dll!0x7ffdecd15f6a
000000AF441CF6E0 00007FFDECD0AC8D 0000000000000000 000001C953FB5170 0000000000000000 0000000000000000 nvwgf2umx.dll!0x7ffdecd0ac8d
000000AF441CF710 00007FFDEC6A302A 000001C95401ED50 0000000000000000 0000000000000000 0000000000000000 nvwgf2umx.dll!0x7ffdec6a302a
000000AF441CF740 00007FFDED318154 0000000000000000 0000000000000000 0000000000000000 0000000000000000 nvwgf2umx.dll!0x7ffded318154
000000AF441CF770 00007FFE8D897034 0000000000000000 0000000000000000 0000000000000000 0000000000000000 kernel32.dll!0x7ffe8d897034
000000AF441CF7A0 00007FFE8DAE2651 0000000000000000 0000000000000000 0000000000000000 0000000000000000 ntdll.dll!0x7ffe8dae2651

Thread 87B0:
Stack            EIP              Arg0             Arg1             Arg2             Arg3             Address
000000AF441DF7E8 00007FFE8DB2CDC4 0000000000000000 0000000000000000 0000000000000000 0000000000000000 ntdll.dll!0x7ffe8db2cdc4
000000AF441DF7F0 00007FFE8B2D1ACE 000001C953D67510 0000000000000000 000001C900000000 00000000000007C4 kernelbase.dll!0x7ffe8b2d1ace
000000AF441DF890 00007FFDEC6C174D 0000000000000000 0000000000000000 000001C953D67D70 0000000000000000 nvwgf2umx.dll!0x7ffdec6c174d
000000AF441DF8E0 00007FFDED318154 0000000000000000 0000000000000000 0000000000000000 0000000000000000 nvwgf2umx.dll!0x7ffded318154
000000AF441DF910 00007FFE8D897034 0000000000000000 0000000000000000 0000000000000000 0000000000000000 kernel32.dll!0x7ffe8d897034
000000AF441DF940 00007FFE8DAE2651 0000000000000000 0000000000000000 0000000000000000 0000000000000000 ntdll.dll!0x7ffe8dae2651

Thread 3B7C:
Stack            EIP              Arg0             Arg1             Arg2             Arg3             Address
000000AF441EFC68 00007FFE8DB2CDC4 0000000000000000 000001C953D0CC50 0000000000000000 0000000000000000 ntdll.dll!0x7ffe8db2cdc4
000000AF441EFC70 00007FFE8B2D1ACE 000001C953F8E810 0000000000000000 000001C900000000 000000000000071C kernelbase.dll!0x7ffe8b2d1ace
000000AF441EFD10 00007FFDEC6C174D 0000000000000000 0000000000000000 000001C953E08F80 0000000000000000 nvwgf2umx.dll!0x7ffdec6c174d
000000AF441EFD60 00007FFDED318154 0000000000000000 0000000000000000 0000000000000000 0000000000000000 nvwgf2umx.dll!0x7ffded318154
000000AF441EFD90 00007FFE8D897034 0000000000000000 0000000000000000 0000000000000000 0000000000000000 kernel32.dll!0x7ffe8d897034
000000AF441EFDC0 00007FFE8DAE2651 0000000000000000 0000000000000000 0000000000000000 0000000000000000 ntdll.dll!0x7ffe8dae2651

Thread 6380:
Stack            EIP              Arg0             Arg1             Arg2             Arg3             Address
000000AF441FFDE8 00007FFE8DB2CDC4 0000000000000000 0000000000000000 0000000000000000 0000000000000000 ntdll.dll!0x7ffe8db2cdc4
000000AF441FFDF0 00007FFE8B2D1ACE 000001C953F8E810 0000000000000000 000001C900000000 000000000000071C kernelbase.dll!0x7ffe8b2d1ace
000000AF441FFE90 00007FFDEC6C174D 0000000000000000 0000000000000000 000001C953E08FB0 0000000000000000 nvwgf2umx.dll!0x7ffdec6c174d
000000AF441FFEE0 00007FFDED318154 0000000000000000 0000000000000000 0000000000000000 0000000000000000 nvwgf2umx.dll!0x7ffded318154
000000AF441FFF10 00007FFE8D897034 0000000000000000 0000000000000000 0000000000000000 0000000000000000 kernel32.dll!0x7ffe8d897034
000000AF441FFF40 00007FFE8DAE2651 0000000000000000 0000000000000000 0000000000000000 0000000000000000 ntdll.dll!0x7ffe8dae2651

Thread 47E0:
Stack            EIP              Arg0             Arg1             Arg2             Arg3             Address
000000AF4420F7B8 00007FFE8DB2CDC4 0000000000000002 000001C953D0F950 0000000000000000 0000000000000000 ntdll.dll!0x7ffe8db2cdc4
000000AF4420F7C0 00007FFE8B2D1ACE 000001C953F8E810 0000000000000000 000001C900000000 000000000000071C kernelbase.dll!0x7ffe8b2d1ace
000000AF4420F860 00007FFDEC6C174D 0000000000000000 0000000000000000 000001C953D67D40 0000000000000000 nvwgf2umx.dll!0x7ffdec6c174d
000000AF4420F8B0 00007FFDED318154 0000000000000000 0000000000000000 0000000000000000 0000000000000000 nvwgf2umx.dll!0x7ffded318154
000000AF4420F8E0 00007FFE8D897034 0000000000000000 0000000000000000 0000000000000000 0000000000000000 kernel32.dll!0x7ffe8d897034
000000AF4420F910 00007FFE8DAE2651 0000000000000000 0000000000000000 0000000000000000 0000000000000000 ntdll.dll!0x7ffe8dae2651

Thread 6FC8:
Stack            EIP              Arg0             Arg1             Arg2             Arg3             Address
000000AF4421FE08 00007FFE8DB2CDC4 0000000000000003 000001C953D0D240 0000000000000000 0000000000000000 ntdll.dll!0x7ffe8db2cdc4
000000AF4421FE10 00007FFE8B2D1ACE 000001C953F8E810 0000000000000000 000001C900000000 000000000000071C kernelbase.dll!0x7ffe8b2d1ace
000000AF4421FEB0 00007FFDEC6C174D 0000000000000000 0000000000000000 000001C953D67C80 0000000000000000 nvwgf2umx.dll!0x7ffdec6c174d
000000AF4421FF00 00007FFDED318154 0000000000000000 0000000000000000 0000000000000000 0000000000000000 nvwgf2umx.dll!0x7ffded318154
000000AF4421FF30 00007FFE8D897034 0000000000000000 0000000000000000 0000000000000000 0000000000000000 kernel32.dll!0x7ffe8d897034
000000AF4421FF60 00007FFE8DAE2651 0000000000000000 0000000000000000 0000000000000000 0000000000000000 ntdll.dll!0x7ffe8dae2651

Thread 3DC8:
Stack            EIP              Arg0             Arg1             Arg2             Arg3             Address
000000AF4422FB28 00007FFE8DB2CDC4 0000000000000004 000001C953D0DD30 0000000000000000 0000000000000000 ntdll.dll!0x7ffe8db2cdc4
000000AF4422FB30 00007FFE8B2D1ACE 000001C953F8E810 0000000000000000 000001C900000000 000000000000071C kernelbase.dll!0x7ffe8b2d1ace
000000AF4422FBD0 00007FFDEC6C174D 0000000000000000 0000000000000000 000001C953D67BF0 0000000000000000 nvwgf2umx.dll!0x7ffdec6c174d
000000AF4422FC20 00007FFDED318154 0000000000000000 0000000000000000 0000000000000000 0000000000000000 nvwgf2umx.dll!0x7ffded318154
000000AF4422FC50 00007FFE8D897034 0000000000000000 0000000000000000 0000000000000000 0000000000000000 kernel32.dll!0x7ffe8d897034
000000AF4422FC80 00007FFE8DAE2651 0000000000000000 0000000000000000 0000000000000000 0000000000000000 ntdll.dll!0x7ffe8dae2651

Thread 478C:
Stack            EIP              Arg0             Arg1             Arg2             Arg3             Address
000000AF4423F6E8 00007FFE8DB2CDC4 0000000000000005 000001C9595CF220 0000000000000000 0000000000000000 ntdll.dll!0x7ffe8db2cdc4
000000AF4423F6F0 00007FFE8B2D1ACE 000001C953F8E810 0000000000000000 000001C900000000 000000000000071C kernelbase.dll!0x7ffe8b2d1ace
000000AF4423F790 00007FFDEC6C174D 0000000000000000 0000000000000000 000001C953D67CE0 0000000000000000 nvwgf2umx.dll!0x7ffdec6c174d
000000AF4423F7E0 00007FFDED318154 0000000000000000 0000000000000000 0000000000000000 0000000000000000 nvwgf2umx.dll!0x7ffded318154
000000AF4423F810 00007FFE8D897034 0000000000000000 0000000000000000 0000000000000000 0000000000000000 kernel32.dll!0x7ffe8d897034
000000AF4423F840 00007FFE8DAE2651 0000000000000000 0000000000000000 0000000000000000 0000000000000000 ntdll.dll!0x7ffe8dae2651

Thread 2DE0:
Stack            EIP              Arg0             Arg1             Arg2             Arg3             Address
000000AF4424F938 00007FFE8DB2CDC4 0000000000000006 000001C953D0D920 0000000000000000 0000000000000000 ntdll.dll!0x7ffe8db2cdc4
000000AF4424F940 00007FFE8B2D1ACE 000001C953F8E810 0000000000000000 000001C900000000 000000000000071C kernelbase.dll!0x7ffe8b2d1ace
000000AF4424F9E0 00007FFDEC6C174D 0000000000000000 0000000000000000 000001C953D67B00 0000000000000000 nvwgf2umx.dll!0x7ffdec6c174d
000000AF4424FA30 00007FFDED318154 0000000000000000 0000000000000000 0000000000000000 0000000000000000 nvwgf2umx.dll!0x7ffded318154
000000AF4424FA60 00007FFE8D897034 0000000000000000 0000000000000000 0000000000000000 0000000000000000 kernel32.dll!0x7ffe8d897034
000000AF4424FA90 00007FFE8DAE2651 0000000000000000 0000000000000000 0000000000000000 0000000000000000 ntdll.dll!0x7ffe8dae2651

Thread 7D54:
Stack            EIP              Arg0             Arg1             Arg2             Arg3             Address
000000AF4425FB88 00007FFE8DB2CDC4 0000000000000007 000001C953D0F590 0000000000000000 0000000000000000 ntdll.dll!0x7ffe8db2cdc4
000000AF4425FB90 00007FFE8B2D1ACE 000001C953F8E810 0000000000000000 000001C900000000 000000000000071C kernelbase.dll!0x7ffe8b2d1ace
000000AF4425FC30 00007FFDEC6C174D 0000000000000000 0000000000000000 000001C953D83A00 0000000000000000 nvwgf2umx.dll!0x7ffdec6c174d
000000AF4425FC80 00007FFDED318154 0000000000000000 0000000000000000 0000000000000000 0000000000000000 nvwgf2umx.dll!0x7ffded318154
000000AF4425FCB0 00007FFE8D897034 0000000000000000 0000000000000000 0000000000000000 0000000000000000 kernel32.dll!0x7ffe8d897034
000000AF4425FCE0 00007FFE8DAE2651 0000000000000000 0000000000000000 0000000000000000 0000000000000000 ntdll.dll!0x7ffe8dae2651

Thread 5D18:
Stack            EIP              Arg0             Arg1             Arg2             Arg3             Address
000000AF4426F878 00007FFE8DB2CDC4 0000000000000008 000001C953D0D470 0000000000000000 0000000000000000 ntdll.dll!0x7ffe8db2cdc4
000000AF4426F880 00007FFE8B2D1ACE 000001C953F8E810 0000000000000000 000001C900000000 000000000000071C kernelbase.dll!0x7ffe8b2d1ace
000000AF4426F920 00007FFDEC6C174D 0000000000000000 0000000000000000 000001C953D83BB0 0000000000000000 nvwgf2umx.dll!0x7ffdec6c174d
000000AF4426F970 00007FFDED318154 0000000000000000 0000000000000000 0000000000000000 0000000000000000 nvwgf2umx.dll!0x7ffded318154
000000AF4426F9A0 00007FFE8D897034 0000000000000000 0000000000000000 0000000000000000 0000000000000000 kernel32.dll!0x7ffe8d897034
000000AF4426F9D0 00007FFE8DAE2651 0000000000000000 0000000000000000 0000000000000000 0000000000000000 ntdll.dll!0x7ffe8dae2651

Thread C4C:
Stack            EIP              Arg0             Arg1             Arg2             Arg3             Address
000000AF4427FBC8 00007FFE8DB2CDC4 0000000000000009 000001C953D10030 0000000000000000 0000000000000000 ntdll.dll!0x7ffe8db2cdc4
000000AF4427FBD0 00007FFE8B2D1ACE 000001C953F8E810 00000000FFFFFFF0 000001C900000000 000000000000071C kernelbase.dll!0x7ffe8b2d1ace
000000AF4427FC70 00007FFDEC6C174D 0000000000000000 0000000000000000 000001C953D83970 0000000000000000 nvwgf2umx.dll!0x7ffdec6c174d
000000AF4427FCC0 00007FFDED318154 0000000000000000 0000000000000000 0000000000000000 0000000000000000 nvwgf2umx.dll!0x7ffded318154
000000AF4427FCF0 00007FFE8D897034 0000000000000000 0000000000000000 0000000000000000 0000000000000000 kernel32.dll!0x7ffe8d897034
000000AF4427FD20 00007FFE8DAE2651 0000000000000000 0000000000000000 0000000000000000 0000000000000000 ntdll.dll!0x7ffe8dae2651

Thread 3008:
Stack            EIP              Arg0             Arg1             Arg2             Arg3             Address
000000AF4428FC68 00007FFE8DB2CDC4 000000000000000A 000001C953D0C6B0 0000000000000000 0000000000000000 ntdll.dll!0x7ffe8db2cdc4
000000AF4428FC70 00007FFE8B2D1ACE 000001C953F8E810 0000000000000000 000001C900000000 000000000000071C kernelbase.dll!0x7ffe8b2d1ace
000000AF4428FD10 00007FFDEC6C174D 0000000000000000 0000000000000000 000001C953D83940 0000000000000000 nvwgf2umx.dll!0x7ffdec6c174d
000000AF4428FD60 00007FFDED318154 0000000000000000 0000000000000000 0000000000000000 0000000000000000 nvwgf2umx.dll!0x7ffded318154
000000AF4428FD90 00007FFE8D897034 0000000000000000 0000000000000000 0000000000000000 0000000000000000 kernel32.dll!0x7ffe8d897034
000000AF4428FDC0 00007FFE8DAE2651 0000000000000000 0000000000000000 0000000000000000 0000000000000000 ntdll.dll!0x7ffe8dae2651

Thread 798:
Stack            EIP              Arg0             Arg1             Arg2             Arg3             Address
000000AF4429FB28 00007FFE8DB2CDC4 000000000000000B 000001C953D12560 0000000000000000 0000000000000000 ntdll.dll!0x7ffe8db2cdc4
000000AF4429FB30 00007FFE8B2D1ACE 000001C953F8E810 0000000000000000 000001C900000000 000000000000071C kernelbase.dll!0x7ffe8b2d1ace
000000AF4429FBD0 00007FFDEC6C174D 0000000000000000 0000000000000000 000001C953D83910 0000000000000000 nvwgf2umx.dll!0x7ffdec6c174d
000000AF4429FC20 00007FFDED318154 0000000000000000 0000000000000000 0000000000000000 0000000000000000 nvwgf2umx.dll!0x7ffded318154
000000AF4429FC50 00007FFE8D897034 0000000000000000 0000000000000000 0000000000000000 0000000000000000 kernel32.dll!0x7ffe8d897034
000000AF4429FC80 00007FFE8DAE2651 0000000000000000 0000000000000000 0000000000000000 0000000000000000 ntdll.dll!0x7ffe8dae2651

Thread 42EC:
Stack            EIP              Arg0             Arg1             Arg2             Arg3             Address
000000AF442AF838 00007FFE8DB2CDC4 0000000000000000 0000000000000000 0000000000000000 0000000000000000 ntdll.dll!0x7ffe8db2cdc4
000000AF442AF840 00007FFE8B2D1ACE 000001C953F8E810 0000000000000000 000001C900000000 000000000000071C kernelbase.dll!0x7ffe8b2d1ace
000000AF442AF8E0 00007FFDEC6C174D 0000000000000000 0000000000000000 000001C953D83AF0 0000000000000000 nvwgf2umx.dll!0x7ffdec6c174d
000000AF442AF930 00007FFDED318154 0000000000000000 0000000000000000 0000000000000000 0000000000000000 nvwgf2umx.dll!0x7ffded318154
000000AF442AF960 00007FFE8D897034 0000000000000000 0000000000000000 0000000000000000 0000000000000000 kernel32.dll!0x7ffe8d897034
000000AF442AF990 00007FFE8DAE2651 0000000000000000 0000000000000000 0000000000000000 0000000000000000 ntdll.dll!0x7ffe8dae2651

Thread 5668:
Stack            EIP              Arg0             Arg1             Arg2             Arg3             Address
000000AF442BFA48 00007FFE8DB2CDC4 000000000000000D 000001C953D0DA10 0000000000000000 0000000000000000 ntdll.dll!0x7ffe8db2cdc4
000000AF442BFA50 00007FFE8B2D1ACE 000001C953F8E810 0000000000000000 000001C900000000 000000000000071C kernelbase.dll!0x7ffe8b2d1ace
000000AF442BFAF0 00007FFDEC6C174D 0000000000000000 0000000000000000 000001C953D839D0 0000000000000000 nvwgf2umx.dll!0x7ffdec6c174d
000000AF442BFB40 00007FFDED318154 0000000000000000 0000000000000000 0000000000000000 0000000000000000 nvwgf2umx.dll!0x7ffded318154
000000AF442BFB70 00007FFE8D897034 0000000000000000 0000000000000000 0000000000000000 0000000000000000 kernel32.dll!0x7ffe8d897034
000000AF442BFBA0 00007FFE8DAE2651 0000000000000000 0000000000000000 0000000000000000 0000000000000000 ntdll.dll!0x7ffe8dae2651

Thread 2F98:
Stack            EIP              Arg0             Arg1             Arg2             Arg3             Address
000000AF442CF758 00007FFE8DB2CDC4 000000000000000E 000001C953D0D290 0000000000000000 0000000000000000 ntdll.dll!0x7ffe8db2cdc4
000000AF442CF760 00007FFE8B2D1ACE 000001C953F8E810 0000000000000000 000001C900000000 000000000000071C kernelbase.dll!0x7ffe8b2d1ace
000000AF442CF800 00007FFDEC6C174D 0000000000000000 0000000000000000 000001C953D83A30 0000000000000000 nvwgf2umx.dll!0x7ffdec6c174d
000000AF442CF850 00007FFDED318154 0000000000000000 0000000000000000 0000000000000000 0000000000000000 nvwgf2umx.dll!0x7ffded318154
000000AF442CF880 00007FFE8D897034 0000000000000000 0000000000000000 0000000000000000 0000000000000000 kernel32.dll!0x7ffe8d897034
000000AF442CF8B0 00007FFE8DAE2651 0000000000000000 0000000000000000 0000000000000000 0000000000000000 ntdll.dll!0x7ffe8dae2651

Thread 5E44:
Stack            EIP              Arg0             Arg1             Arg2             Arg3             Address
000000AF442DF988 00007FFE8DB2CDC4 000000000000000F 000001C953D0C480 0000000000000000 0000000000000000 ntdll.dll!0x7ffe8db2cdc4
000000AF442DF990 00007FFE8B2D1ACE 000001C953F8E810 0000000000000000 000001C900000000 000000000000071C kernelbase.dll!0x7ffe8b2d1ace
000000AF442DFA30 00007FFDEC6C174D 0000000000000000 0000000000000000 000001C953D83A60 0000000000000000 nvwgf2umx.dll!0x7ffdec6c174d
000000AF442DFA80 00007FFDED318154 0000000000000000 0000000000000000 0000000000000000 0000000000000000 nvwgf2umx.dll!0x7ffded318154
000000AF442DFAB0 00007FFE8D897034 0000000000000000 0000000000000000 0000000000000000 0000000000000000 kernel32.dll!0x7ffe8d897034
000000AF442DFAE0 00007FFE8DAE2651 0000000000000000 0000000000000000 0000000000000000 0000000000000000 ntdll.dll!0x7ffe8dae2651

Thread 821C:
Stack            EIP              Arg0             Arg1             Arg2             Arg3             Address
000000AF442EF678 00007FFE8DB2CDC4 0000000000000000 000001C953D091E0 0000000000000000 0000000000000000 ntdll.dll!0x7ffe8db2cdc4
000000AF442EF680 00007FFE8B2D1ACE 000001C953F8ED50 0000000000000000 000001C900000000 0000000000000728 kernelbase.dll!0x7ffe8b2d1ace
000000AF442EF720 00007FFDEC6C174D 0000000000000000 0000000000000000 000001C958453B40 0000000000000000 nvwgf2umx.dll!0x7ffdec6c174d
000000AF442EF770 00007FFDED318154 0000000000000000 0000000000000000 0000000000000000 0000000000000000 nvwgf2umx.dll!0x7ffded318154
000000AF442EF7A0 00007FFE8D897034 0000000000000000 0000000000000000 0000000000000000 0000000000000000 kernel32.dll!0x7ffe8d897034
000000AF442EF7D0 00007FFE8DAE2651 0000000000000000 0000000000000000 0000000000000000 0000000000000000 ntdll.dll!0x7ffe8dae2651

Thread 7C64:
Stack            EIP              Arg0             Arg1             Arg2             Arg3             Address
000000AF442FFBB8 00007FFE8DB2CDC4 0000000000000000 0000000000000000 0000000000000000 0000000000000000 ntdll.dll!0x7ffe8db2cdc4
000000AF442FFBC0 00007FFE8B2D1ACE 000001C953F8ED50 0000000000000000 000001C900000000 0000000000000728 kernelbase.dll!0x7ffe8b2d1ace
000000AF442FFC60 00007FFDEC6C174D 0000000000000000 0000000000000000 000001C958453870 0000000000000000 nvwgf2umx.dll!0x7ffdec6c174d
000000AF442FFCB0 00007FFDED318154 0000000000000000 0000000000000000 0000000000000000 0000000000000000 nvwgf2umx.dll!0x7ffded318154
000000AF442FFCE0 00007FFE8D897034 0000000000000000 0000000000000000 0000000000000000 0000000000000000 kernel32.dll!0x7ffe8d897034
000000AF442FFD10 00007FFE8DAE2651 0000000000000000 0000000000000000 0000000000000000 0000000000000000 ntdll.dll!0x7ffe8dae2651

Thread 421C:
Stack            EIP              Arg0             Arg1             Arg2             Arg3             Address
000000AF4430F858 00007FFE8DB2CDC4 0000000000000002 000001C953D09820 0000000000000000 0000000000000000 ntdll.dll!0x7ffe8db2cdc4
000000AF4430F860 00007FFE8B2D1ACE 000001C953F8ED50 0000000000000000 000001C900000000 0000000000000728 kernelbase.dll!0x7ffe8b2d1ace
000000AF4430F900 00007FFDEC6C174D 0000000000000000 0000000000000000 000001C958453750 0000000000000000 nvwgf2umx.dll!0x7ffdec6c174d
000000AF4430F950 00007FFDED318154 0000000000000000 0000000000000000 0000000000000000 0000000000000000 nvwgf2umx.dll!0x7ffded318154
000000AF4430F980 00007FFE8D897034 0000000000000000 0000000000000000 0000000000000000 0000000000000000 kernel32.dll!0x7ffe8d897034
000000AF4430F9B0 00007FFE8DAE2651 0000000000000000 0000000000000000 0000000000000000 0000000000000000 ntdll.dll!0x7ffe8dae2651

Thread 8350:
Stack            EIP              Arg0             Arg1             Arg2             Arg3             Address
000000AF4431F788 00007FFE8DB2CDC4 0000000000000000 0000000000000000 0000000000000000 0000000000000000 ntdll.dll!0x7ffe8db2cdc4
000000AF4431F790 00007FFE8B2D1ACE 000001C953F8ED50 0000000000000000 000001C900000000 0000000000000728 kernelbase.dll!0x7ffe8b2d1ace
000000AF4431F830 00007FFDEC6C174D 0000000000000000 0000000000000000 000001C958453720 0000000000000000 nvwgf2umx.dll!0x7ffdec6c174d
000000AF4431F880 00007FFDED318154 0000000000000000 0000000000000000 0000000000000000 0000000000000000 nvwgf2umx.dll!0x7ffded318154
000000AF4431F8B0 00007FFE8D897034 0000000000000000 0000000000000000 0000000000000000 0000000000000000 kernel32.dll!0x7ffe8d897034
000000AF4431F8E0 00007FFE8DAE2651 0000000000000000 0000000000000000 0000000000000000 0000000000000000 ntdll.dll!0x7ffe8dae2651

Thread 6008:
Stack            EIP              Arg0             Arg1             Arg2             Arg3             Address
000000AF4432FDE8 00007FFE8DB2CDC4 0000000000000000 0000000000000000 0000000000000000 0000000000000000 ntdll.dll!0x7ffe8db2cdc4
000000AF4432FDF0 00007FFE8B2D1ACE 000001C953F8ED50 0000000000000000 000001C900000000 0000000000000728 kernelbase.dll!0x7ffe8b2d1ace
000000AF4432FE90 00007FFDEC6C174D 0000000000000000 0000000000000000 000001C958453CC0 0000000000000000 nvwgf2umx.dll!0x7ffdec6c174d
000000AF4432FEE0 00007FFDED318154 0000000000000000 0000000000000000 0000000000000000 0000000000000000 nvwgf2umx.dll!0x7ffded318154
000000AF4432FF10 00007FFE8D897034 0000000000000000 0000000000000000 0000000000000000 0000000000000000 kernel32.dll!0x7ffe8d897034
000000AF4432FF40 00007FFE8DAE2651 0000000000000000 0000000000000000 0000000000000000 0000000000000000 ntdll.dll!0x7ffe8dae2651

Thread 2D8C:
Stack            EIP              Arg0             Arg1             Arg2             Arg3             Address
000000AF4433F668 00007FFE8DB2CDC4 0000000000000000 0000000000000000 0000000000000000 0000000000000000 ntdll.dll!0x7ffe8db2cdc4
000000AF4433F670 00007FFE8B2D1ACE 000001C953F8ED50 0000000000000000 000001C900000000 0000000000000728 kernelbase.dll!0x7ffe8b2d1ace
000000AF4433F710 00007FFDEC6C174D 0000000000000000 0000000000000000 000001C9584537B0 0000000000000000 nvwgf2umx.dll!0x7ffdec6c174d
000000AF4433F760 00007FFDED318154 0000000000000000 0000000000000000 0000000000000000 0000000000000000 nvwgf2umx.dll!0x7ffded318154
000000AF4433F790 00007FFE8D897034 0000000000000000 0000000000000000 0000000000000000 0000000000000000 kernel32.dll!0x7ffe8d897034
000000AF4433F7C0 00007FFE8DAE2651 0000000000000000 0000000000000000 0000000000000000 0000000000000000 ntdll.dll!0x7ffe8dae2651

Thread 81F4:
Stack            EIP              Arg0             Arg1             Arg2             Arg3             Address
000000AF4434FB98 00007FFE8DB2CDC4 0000000000000000 0000000000000000 0000000000000000 0000000000000000 ntdll.dll!0x7ffe8db2cdc4
000000AF4434FBA0 00007FFE8B2D1ACE 000001C953F8ED50 0000000000000000 000001C900000000 0000000000000728 kernelbase.dll!0x7ffe8b2d1ace
000000AF4434FC40 00007FFDEC6C174D 0000000000000000 0000000000000000 000001C9584537E0 0000000000000000 nvwgf2umx.dll!0x7ffdec6c174d
000000AF4434FC90 00007FFDED318154 0000000000000000 0000000000000000 0000000000000000 0000000000000000 nvwgf2umx.dll!0x7ffded318154
000000AF4434FCC0 00007FFE8D897034 0000000000000000 0000000000000000 0000000000000000 0000000000000000 kernel32.dll!0x7ffe8d897034
000000AF4434FCF0 00007FFE8DAE2651 0000000000000000 0000000000000000 0000000000000000 0000000000000000 ntdll.dll!0x7ffe8dae2651

Thread 6BEC:
Stack            EIP              Arg0             Arg1             Arg2             Arg3             Address
000000AF4435F838 00007FFE8DB2CDC4 0000000000000007 000001C953D094B0 0000000000000000 0000000000000000 ntdll.dll!0x7ffe8db2cdc4
000000AF4435F840 00007FFE8B2D1ACE 000001C953F8ED50 0000000000000000 000001C900000000 0000000000000728 kernelbase.dll!0x7ffe8b2d1ace
000000AF4435F8E0 00007FFDEC6C174D 0000000000000000 0000000000000000 000001C9584539F0 0000000000000000 nvwgf2umx.dll!0x7ffdec6c174d
000000AF4435F930 00007FFDED318154 0000000000000000 0000000000000000 0000000000000000 0000000000000000 nvwgf2umx.dll!0x7ffded318154
000000AF4435F960 00007FFE8D897034 0000000000000000 0000000000000000 0000000000000000 0000000000000000 kernel32.dll!0x7ffe8d897034
000000AF4435F990 00007FFE8DAE2651 0000000000000000 0000000000000000 0000000000000000 0000000000000000 ntdll.dll!0x7ffe8dae2651

Thread 5C60:
Stack            EIP              Arg0             Arg1             Arg2             Arg3             Address
000000AF4436FD48 00007FFE8DB2CDC4 0000000000000000 0000000000000000 0000000000000000 0000000000000000 ntdll.dll!0x7ffe8db2cdc4
000000AF4436FD50 00007FFE8B2D1ACE 000001C953F8ED50 0000000000000000 000001C900000000 0000000000000728 kernelbase.dll!0x7ffe8b2d1ace
000000AF4436FDF0 00007FFDEC6C174D 0000000000000000 0000000000000000 000001C9584538D0 0000000000000000 nvwgf2umx.dll!0x7ffdec6c174d
000000AF4436FE40 00007FFDED318154 0000000000000000 0000000000000000 0000000000000000 0000000000000000 nvwgf2umx.dll!0x7ffded318154
000000AF4436FE70 00007FFE8D897034 0000000000000000 0000000000000000 0000000000000000 0000000000000000 kernel32.dll!0x7ffe8d897034
000000AF4436FEA0 00007FFE8DAE2651 0000000000000000 0000000000000000 0000000000000000 0000000000000000 ntdll.dll!0x7ffe8dae2651

Thread 8634:
Stack            EIP              Arg0             Arg1             Arg2             Arg3             Address
000000AF4437FB68 00007FFE8DB2CDC4 0000000000000000 0000000000000000 0000000000000000 0000000000000000 ntdll.dll!0x7ffe8db2cdc4
000000AF4437FB70 00007FFE8B2D1ACE 000001C953F8ED50 0000000000000000 000001C900000000 0000000000000728 kernelbase.dll!0x7ffe8b2d1ace
000000AF4437FC10 00007FFDEC6C174D 0000000000000000 0000000000000000 000001C958453810 0000000000000000 nvwgf2umx.dll!0x7ffdec6c174d
000000AF4437FC60 00007FFDED318154 0000000000000000 0000000000000000 0000000000000000 0000000000000000 nvwgf2umx.dll!0x7ffded318154
000000AF4437FC90 00007FFE8D897034 0000000000000000 0000000000000000 0000000000000000 0000000000000000 kernel32.dll!0x7ffe8d897034
000000AF4437FCC0 00007FFE8DAE2651 0000000000000000 0000000000000000 0000000000000000 0000000000000000 ntdll.dll!0x7ffe8dae2651

Thread 6260:
Stack            EIP              Arg0             Arg1             Arg2             Arg3             Address
000000AF4438FB68 00007FFE8DB2CDC4 000000000000000A 000001C953D09A00 0000000000000000 0000000000000000 ntdll.dll!0x7ffe8db2cdc4
000000AF4438FB70 00007FFE8B2D1ACE 000001C953F8ED50 0000000000000000 000001C900000000 0000000000000728 kernelbase.dll!0x7ffe8b2d1ace
000000AF4438FC10 00007FFDEC6C174D 0000000000000000 0000000000000000 000001C958453900 0000000000000000 nvwgf2umx.dll!0x7ffdec6c174d
000000AF4438FC60 00007FFDED318154 0000000000000000 0000000000000000 0000000000000000 0000000000000000 nvwgf2umx.dll!0x7ffded318154
000000AF4438FC90 00007FFE8D897034 0000000000000000 0000000000000000 0000000000000000 0000000000000000 kernel32.dll!0x7ffe8d897034
000000AF4438FCC0 00007FFE8DAE2651 0000000000000000 0000000000000000 0000000000000000 0000000000000000 ntdll.dll!0x7ffe8dae2651

Thread 3590:
Stack            EIP              Arg0             Arg1             Arg2             Arg3             Address
000000AF4439FC58 00007FFE8DB2CDC4 0000000000000000 0000000000000000 0000000000000000 0000000000000000 ntdll.dll!0x7ffe8db2cdc4
000000AF4439FC60 00007FFE8B2D1ACE 000001C953F8ED50 0000000000000000 000001C900000000 0000000000000728 kernelbase.dll!0x7ffe8b2d1ace
000000AF4439FD00 00007FFDEC6C174D 0000000000000000 0000000000000000 000001C958453930 0000000000000000 nvwgf2umx.dll!0x7ffdec6c174d
000000AF4439FD50 00007FFDED318154 0000000000000000 0000000000000000 0000000000000000 0000000000000000 nvwgf2umx.dll!0x7ffded318154
000000AF4439FD80 00007FFE8D897034 0000000000000000 0000000000000000 0000000000000000 0000000000000000 kernel32.dll!0x7ffe8d897034
000000AF4439FDB0 00007FFE8DAE2651 0000000000000000 0000000000000000 0000000000000000 0000000000000000 ntdll.dll!0x7ffe8dae2651

Thread 434C:
Stack            EIP              Arg0             Arg1             Arg2             Arg3             Address
000000AF443AF988 00007FFE8DB2CDC4 0000000000000000 0000000000000000 0000000000000000 0000000000000000 ntdll.dll!0x7ffe8db2cdc4
000000AF443AF990 00007FFE8B2D1ACE 000001C953F8ED50 0000000000000000 000001C900000000 0000000000000728 kernelbase.dll!0x7ffe8b2d1ace
000000AF443AFA30 00007FFDEC6C174D 0000000000000000 0000000000000000 000001C9584539C0 0000000000000000 nvwgf2umx.dll!0x7ffdec6c174d
000000AF443AFA80 00007FFDED318154 0000000000000000 0000000000000000 0000000000000000 0000000000000000 nvwgf2umx.dll!0x7ffded318154
000000AF443AFAB0 00007FFE8D897034 0000000000000000 0000000000000000 0000000000000000 0000000000000000 kernel32.dll!0x7ffe8d897034
000000AF443AFAE0 00007FFE8DAE2651 0000000000000000 0000000000000000 0000000000000000 0000000000000000 ntdll.dll!0x7ffe8dae2651

Thread 56E0:
Stack            EIP              Arg0             Arg1             Arg2             Arg3             Address
000000AF443BF868 00007FFE8DB2CDC4 0000000000000000 0000000000000000 0000000000000000 0000000000000000 ntdll.dll!0x7ffe8db2cdc4
000000AF443BF870 00007FFE8B2D1ACE 000001C953F8ED50 0000000000000000 000001C900000000 0000000000000728 kernelbase.dll!0x7ffe8b2d1ace
000000AF443BF910 00007FFDEC6C174D 0000000000000000 0000000000000000 000001C958453D20 0000000000000000 nvwgf2umx.dll!0x7ffdec6c174d
000000AF443BF960 00007FFDED318154 0000000000000000 0000000000000000 0000000000000000 0000000000000000 nvwgf2umx.dll!0x7ffded318154
000000AF443BF990 00007FFE8D897034 0000000000000000 0000000000000000 0000000000000000 0000000000000000 kernel32.dll!0x7ffe8d897034
000000AF443BF9C0 00007FFE8DAE2651 0000000000000000 0000000000000000 0000000000000000 0000000000000000 ntdll.dll!0x7ffe8dae2651

Thread 846C:
Stack            EIP              Arg0             Arg1             Arg2             Arg3             Address
000000AF443CFD98 00007FFE8DB2CDC4 0000000000000000 0000000000000000 0000000000000000 0000000000000000 ntdll.dll!0x7ffe8db2cdc4
000000AF443CFDA0 00007FFE8B2D1ACE 000001C953F8ED50 0000000000000000 000001C900000000 0000000000000728 kernelbase.dll!0x7ffe8b2d1ace
000000AF443CFE40 00007FFDEC6C174D 0000000000000000 0000000000000000 000001C958453A50 0000000000000000 nvwgf2umx.dll!0x7ffdec6c174d
000000AF443CFE90 00007FFDED318154 0000000000000000 0000000000000000 0000000000000000 0000000000000000 nvwgf2umx.dll!0x7ffded318154
000000AF443CFEC0 00007FFE8D897034 0000000000000000 0000000000000000 0000000000000000 0000000000000000 kernel32.dll!0x7ffe8d897034
000000AF443CFEF0 00007FFE8DAE2651 0000000000000000 0000000000000000 0000000000000000 0000000000000000 ntdll.dll!0x7ffe8dae2651

Thread 4194:
Stack            EIP              Arg0             Arg1             Arg2             Arg3             Address
000000AF443DFD48 00007FFE8DB2CDC4 0000000000000000 0000000000000000 0000000000000000 0000000000000000 ntdll.dll!0x7ffe8db2cdc4
000000AF443DFD50 00007FFE8B2D1ACE 000001C953F8ED50 0000000000000000 000001C900000000 0000000000000728 kernelbase.dll!0x7ffe8b2d1ace
000000AF443DFDF0 00007FFDEC6C174D 0000000000000000 0000000000000000 000001C958453A80 0000000000000000 nvwgf2umx.dll!0x7ffdec6c174d
000000AF443DFE40 00007FFDED318154 0000000000000000 0000000000000000 0000000000000000 0000000000000000 nvwgf2umx.dll!0x7ffded318154
000000AF443DFE70 00007FFE8D897034 0000000000000000 0000000000000000 0000000000000000 0000000000000000 kernel32.dll!0x7ffe8d897034
000000AF443DFEA0 00007FFE8DAE2651 0000000000000000 0000000000000000 0000000000000000 0000000000000000 ntdll.dll!0x7ffe8dae2651

Thread 47B8: video-io: video thread
Stack            EIP              Arg0             Arg1             Arg2             Arg3             Address
000000AF444DF6A8 00007FFE8DB2CDC4 0000000000000004 00007FFE8B1D3296 0000000000000020 00007FFE00000000 ntdll.dll!0x7ffe8db2cdc4
000000AF444DF6B0 00007FFE8B2D1ACE 000001C958F5C260 00007FFE3972B058 0000000000000000 00000000000008A4 kernelbase.dll!0x7ffe8b2d1ace
000000AF444DF750 00007FFE397128CC 000001C9587D1DC0 00007FFE3972B070 00007FFE3971DFE8 0000000000000000 obs.dll!0x7ffe397128cc
000000AF444DF780 00007FFE39700A54 0000000000000000 0000000000000000 000001C953F73DC0 0000000000000000 obs.dll!0x7ffe39700a54
000000AF444DF870 00007FFE61147A26 000001C9590C4F00 0000000000000000 0000000000000000 0000000000000000 w32-pthreads.dll!0x7ffe61147a26
000000AF444DF920 00007FFE8B1D1BB2 0000000000000000 0000000000000000 0000000000000000 0000000000000000 ucrtbase.dll!0x7ffe8b1d1bb2
000000AF444DF950 00007FFE8D897034 0000000000000000 0000000000000000 0000000000000000 0000000000000000 kernel32.dll!0x7ffe8d897034
000000AF444DF980 00007FFE8DAE2651 0000000000000000 0000000000000000 0000000000000000 0000000000000000 ntdll.dll!0x7ffe8dae2651

Thread 1F8C: libobs: graphics thread
Stack            EIP              Arg0             Arg1             Arg2             Arg3             Address
000000AF445DF4F8 00007FFE8DB2CDC4 000000003C888888 00007FFE61144A74 00007FFE00000000 0000000000000001 ntdll.dll!0x7ffe8db2cdc4
000000AF445DF500 00007FFE8B2D1ACE 000001C94F1B32A0 00005E50A9D63B02 0000000000000000 0000000000000564 kernelbase.dll!0x7ffe8b2d1ace
000000AF445DF5A0 00007FFE611431FF 0000000000000000 00005E50A9D63B02 0000000000000000 0000000000000000 w32-pthreads.dll!0x7ffe611431ff
000000AF445DF630 00007FFE396DD939 01D8847DE7334C4D 0000000000FE5000 00005E50A9D63F28 FFFFFFFFFFFFFFFF obs.dll!0x7ffe396dd939
000000AF445DF6F0 00007FFE396DD69C FFFFFFFFFFFFFFFF 00007FFE57246D90 0000000000000000 000000AF445DF7E9 obs.dll!0x7ffe396dd69c
000000AF445DF7A0 00007FFE61147A26 000001C95901DE70 0000000000000000 0000000000000000 0000000000000000 w32-pthreads.dll!0x7ffe61147a26
000000AF445DF850 00007FFE8B1D1BB2 0000000000000000 0000000000000000 0000000000000000 0000000000000000 ucrtbase.dll!0x7ffe8b1d1bb2
000000AF445DF880 00007FFE8D897034 0000000000000000 0000000000000000 0000000000000000 0000000000000000 kernel32.dll!0x7ffe8d897034
000000AF445DF8B0 00007FFE8DAE2651 0000000000000000 0000000000000000 0000000000000000 0000000000000000 ntdll.dll!0x7ffe8dae2651

Thread 8600:
Stack            EIP              Arg0             Arg1             Arg2             Arg3             Address
000000AF446DF778 00007FFE8DB2D894 00007FFE572367EC 00007FFE8DAA7955 00007FFE8DBFB4D0 000000AF4338F000 ntdll.dll!0x7ffe8db2d894
000000AF446DF780 00007FFE8B2FCBC0 0000000000000000 0000000000000000 0000000000000000 0000000000000000 kernelbase.dll!0x7ffe8b2fcbc0
000000AF446DFA70 00007FFE8C8BB776 0000000000000000 0000000000000000 000001C958F918A0 00007FFE8C925121 combase.dll!0x7ffe8c8bb776
000000AF446DFD00 00007FFE8C8BB5F0 000001C9FFFFFFFF 000001C953D72050 0000000000000000 0000000000000000 combase.dll!0x7ffe8c8bb5f0
000000AF446DFD50 00007FFE8C8BB400 0000000000000000 0000000000000000 0000000000000000 0000000000000000 combase.dll!0x7ffe8c8bb400
000000AF446DFDB0 00007FFE8C8BB389 0000000000000000 0000000000000000 0000000000000000 0000000000000000 combase.dll!0x7ffe8c8bb389
000000AF446DFDE0 00007FFE8D897034 0000000000000000 0000000000000000 0000000000000000 0000000000000000 kernel32.dll!0x7ffe8d897034
000000AF446DFE10 00007FFE8DAE2651 0000000000000000 0000000000000000 0000000000000000 0000000000000000 ntdll.dll!0x7ffe8dae2651

Thread 3754:
Stack            EIP              Arg0             Arg1             Arg2             Arg3             Address
000000AF447DF708 00007FFE8DB2CDC4 000000AF447DF7D8 00007FFE8B323C7E 0000000000000000 0000000000000000 ntdll.dll!0x7ffe8db2cdc4
000000AF447DF710 00007FFE8B2D1ACE 000001C95829DC60 00007FFE8B326535 000000AF00000000 00000000000009F0 kernelbase.dll!0x7ffe8b2d1ace
000000AF447DF7B0 00007FFE7B9B14C8 0000000000080001 000001C9591D3340 0000000000000000 0000000000000000 atidxx64.dll!0x7ffe7b9b14c8
000000AF447DF7F0 00007FFE7B9B13E9 000001C900000000 0000000000000000 0000000000000000 0000000000000000 atidxx64.dll!0x7ffe7b9b13e9
000000AF447DF820 00007FFE7C464A74 0000000000000000 0000000000000000 0000000000000000 0000000000000000 atidxx64.dll!0x7ffe7c464a74
000000AF447DF850 00007FFE8D897034 0000000000000000 0000000000000000 0000000000000000 0000000000000000 kernel32.dll!0x7ffe8d897034
000000AF447DF880 00007FFE8DAE2651 0000000000000000 0000000000000000 0000000000000000 0000000000000000 ntdll.dll!0x7ffe8dae2651

Thread 3BC4:
Stack            EIP              Arg0             Arg1             Arg2             Arg3             Address
000000AF448DF9D8 00007FFE8DB2CDC4 0000000000000000 0000000000000000 0000000000000000 0000000000000000 ntdll.dll!0x7ffe8db2cdc4
000000AF448DF9E0 00007FFE8B2D1ACE 000001C95829E100 0000000000000005 000001C900000000 0000000000000A04 kernelbase.dll!0x7ffe8b2d1ace
000000AF448DFA80 00007FFE7C2BCDC1 0000000000000000 0000000000000000 0000644F102BFCA7 0000000000000000 atidxx64.dll!0x7ffe7c2bcdc1
000000AF448DFAB0 00007FFE7C2BCF0E 0000000000000000 000001C9591D10F0 0000000000000000 0000000000000000 atidxx64.dll!0x7ffe7c2bcf0e
000000AF448DFAE0 00007FFE7C2B1069 000001C9591BE6E0 0000000000000000 0000000000000000 0000000000000000 atidxx64.dll!0x7ffe7c2b1069
000000AF448DFB10 00007FFE7C464A74 0000000000000000 0000000000000000 0000000000000000 0000000000000000 atidxx64.dll!0x7ffe7c464a74
000000AF448DFB40 00007FFE8D897034 0000000000000000 0000000000000000 0000000000000000 0000000000000000 kernel32.dll!0x7ffe8d897034
000000AF448DFB70 00007FFE8DAE2651 0000000000000000 0000000000000000 0000000000000000 0000000000000000 ntdll.dll!0x7ffe8dae2651

Thread 3F08:
Stack            EIP              Arg0             Arg1             Arg2             Arg3             Address
000000AF449DFB88 00007FFE8DB2CDC4 0000000000000000 0000000000000000 0000000000000000 0000000000000000 ntdll.dll!0x7ffe8db2cdc4
000000AF449DFB90 00007FFE8B2D1ACE 000001C958CFBD20 00007FFE8B2F991B 0000000000000000 00000000000008DC kernelbase.dll!0x7ffe8b2d1ace
000000AF449DFC30 00007FFE7B9B14C8 0000000000000000 000001C95921CE40 0000000000000000 0000000000000000 atidxx64.dll!0x7ffe7b9b14c8
000000AF449DFC70 00007FFE7B9B13E9 000001C9591D43E0 0000000000000000 0000000000000000 0000000000000000 atidxx64.dll!0x7ffe7b9b13e9
000000AF449DFCA0 00007FFE7C464A74 0000000000000000 0000000000000000 0000000000000000 0000000000000000 atidxx64.dll!0x7ffe7c464a74
000000AF449DFCD0 00007FFE8D897034 0000000000000000 0000000000000000 0000000000000000 0000000000000000 kernel32.dll!0x7ffe8d897034
000000AF449DFD00 00007FFE8DAE2651 0000000000000000 0000000000000000 0000000000000000 0000000000000000 ntdll.dll!0x7ffe8dae2651

Thread 676C:
Stack            EIP              Arg0             Arg1             Arg2             Arg3             Address
000000AF44ADF998 00007FFE8DB2CDC4 0000000000000000 000001C958290000 0000000000000000 0000000000000000 ntdll.dll!0x7ffe8db2cdc4
000000AF44ADF9A0 00007FFE8B2D1ACE 000001C9618A8A00 0000000000000005 000001C900000000 0000000000000A5C kernelbase.dll!0x7ffe8b2d1ace
000000AF44ADFA40 00007FFE7C2BCDC1 00007FFE7C2BBB00 0000000000000004 000001C9618A8A00 0000000000000000 atidxx64.dll!0x7ffe7c2bcdc1
000000AF44ADFA70 00007FFE7C2BCC98 0000000000000000 0000000000000000 0000000000000000 0000000000000000 atidxx64.dll!0x7ffe7c2bcc98
000000AF44ADFAA0 00007FFE7C2BCF2F 0000000000000000 000001C95921ECC0 0000000000000000 0000000000000000 atidxx64.dll!0x7ffe7c2bcf2f
000000AF44ADFAD0 00007FFE7C2B1069 000001C9591D4620 0000000000000000 0000000000000000 0000000000000000 atidxx64.dll!0x7ffe7c2b1069
000000AF44ADFB00 00007FFE7C464A74 0000000000000000 0000000000000000 0000000000000000 0000000000000000 atidxx64.dll!0x7ffe7c464a74
000000AF44ADFB30 00007FFE8D897034 0000000000000000 0000000000000000 0000000000000000 0000000000000000 kernel32.dll!0x7ffe8d897034
000000AF44ADFB60 00007FFE8DAE2651 0000000000000000 0000000000000000 0000000000000000 0000000000000000 ntdll.dll!0x7ffe8dae2651

Thread 7F40:
Stack            EIP              Arg0             Arg1             Arg2             Arg3             Address
000000AF44BDFB18 00007FFE8DB2CDC4 0000000000000000 0000000000000000 0000000000000000 0000000000000000 ntdll.dll!0x7ffe8db2cdc4
000000AF44BDFB20 00007FFE8B2D1ACE 000001C959230A80 000001C900000000 000001C900000000 0000000000000AE0 kernelbase.dll!0x7ffe8b2d1ace
000000AF44BDFBC0 0000000055515D07 0000000000000000 000000AF44BDFC28 000001C953CC8710 0000000055991766 atiumd6a.dll!0x55515d07
000000AF44BDFBF0 000000005554326F 000001C900000000 0000000000000000 0000000000000000 0000000000000000 atiumd6a.dll!0x5554326f
000000AF44BDFC40 000000005598C030 0000000000000000 0000000000000000 0000000000000000 0000000000000000 atiumd6a.dll!0x5598c030
000000AF44BDFC70 00007FFE8D897034 0000000000000000 0000000000000000 0000000000000000 0000000000000000 kernel32.dll!0x7ffe8d897034
000000AF44BDFCA0 00007FFE8DAE2651 0000000000000000 0000000000000000 0000000000000000 0000000000000000 ntdll.dll!0x7ffe8dae2651

Thread 7060:
Stack            EIP              Arg0             Arg1             Arg2             Arg3             Address
000000AF44CDFC78 00007FFE8DB2CDC4 0000000000000000 0000000000000000 0000000000000000 0000000000000000 ntdll.dll!0x7ffe8db2cdc4
000000AF44CDFC80 00007FFE8B2D1ACE 000001C961988C10 00007FFE8B2F991B 0000000000000000 0000000000000D7C kernelbase.dll!0x7ffe8b2d1ace
000000AF44CDFD20 00007FFE7B9B14C8 0000000000000000 000001C9592F8A00 0000000000000000 0000000000000000 atidxx64.dll!0x7ffe7b9b14c8
000000AF44CDFD60 00007FFE7B9B13E9 000001C959256AB0 0000000000000000 0000000000000000 0000000000000000 atidxx64.dll!0x7ffe7b9b13e9
000000AF44CDFD90 00007FFE7C464A74 0000000000000000 0000000000000000 0000000000000000 0000000000000000 atidxx64.dll!0x7ffe7c464a74
000000AF44CDFDC0 00007FFE8D897034 0000000000000000 0000000000000000 0000000000000000 0000000000000000 kernel32.dll!0x7ffe8d897034
000000AF44CDFDF0 00007FFE8DAE2651 0000000000000000 0000000000000000 0000000000000000 0000000000000000 ntdll.dll!0x7ffe8dae2651

Thread 66E8:
Stack            EIP              Arg0             Arg1             Arg2             Arg3             Address
000000AF44DDFBB8 00007FFE8DB2CDC4 0000000000000000 0000000000000000 0000000000000000 0000000000000000 ntdll.dll!0x7ffe8db2cdc4
000000AF44DDFBC0 00007FFE8B2D1ACE 000001C9619A4200 0000000000000005 000001C900000000 0000000000000D68 kernelbase.dll!0x7ffe8b2d1ace
000000AF44DDFC60 00007FFE7C2BCDC1 0000000000000000 0000000000000000 0000644F107BFA47 0000000000000000 atidxx64.dll!0x7ffe7c2bcdc1
000000AF44DDFC90 00007FFE7C2BCF0E 0000000000000000 000001C9592FB3F0 0000000000000000 0000000000000000 atidxx64.dll!0x7ffe7c2bcf0e
000000AF44DDFCC0 00007FFE7C2B1069 000001C959256AE0 0000000000000000 0000000000000000 0000000000000000 atidxx64.dll!0x7ffe7c2b1069
000000AF44DDFCF0 00007FFE7C464A74 0000000000000000 0000000000000000 0000000000000000 0000000000000000 atidxx64.dll!0x7ffe7c464a74
000000AF44DDFD20 00007FFE8D897034 0000000000000000 0000000000000000 0000000000000000 0000000000000000 kernel32.dll!0x7ffe8d897034
000000AF44DDFD50 00007FFE8DAE2651 0000000000000000 0000000000000000 0000000000000000 0000000000000000 ntdll.dll!0x7ffe8dae2651

Thread 2DA4:
Stack            EIP              Arg0             Arg1             Arg2             Arg3             Address
000000AF44EDF9D8 00007FFE8DB2CDC4 0000000000000000 0000000000000000 0000000000000000 0000000000000000 ntdll.dll!0x7ffe8db2cdc4
000000AF44EDF9E0 00007FFE8B2D1ACE 000001C961A8E5A0 00007FFE8B2F991B 0000000000000000 0000000000000A90 kernelbase.dll!0x7ffe8b2d1ace
000000AF44EDFA80 00007FFE7B9B14C8 0000000000000000 000001C9592FE580 0000000000000000 0000000000000000 atidxx64.dll!0x7ffe7b9b14c8
000000AF44EDFAC0 00007FFE7B9B13E9 000001C953CC8410 0000000000000000 0000000000000000 0000000000000000 atidxx64.dll!0x7ffe7b9b13e9
000000AF44EDFAF0 00007FFE7C464A74 0000000000000000 0000000000000000 0000000000000000 0000000000000000 atidxx64.dll!0x7ffe7c464a74
000000AF44EDFB20 00007FFE8D897034 0000000000000000 0000000000000000 0000000000000000 0000000000000000 kernel32.dll!0x7ffe8d897034
000000AF44EDFB50 00007FFE8DAE2651 0000000000000000 0000000000000000 0000000000000000 0000000000000000 ntdll.dll!0x7ffe8dae2651

Thread 7D34:
Stack            EIP              Arg0             Arg1             Arg2             Arg3             Address
000000AF44FDF6B8 00007FFE8DB2CDC4 0000000000000000 000001C958290000 0000000000000000 0000000000000000 ntdll.dll!0x7ffe8db2cdc4
000000AF44FDF6C0 00007FFE8B2D1ACE 000001C961AE1300 0000000000000005 000001C900000000 0000000000000D4C kernelbase.dll!0x7ffe8b2d1ace
000000AF44FDF760 00007FFE7C2BCDC1 00007FFE7C2BBB00 0000000000000004 000001C961AE1300 0000000000000000 atidxx64.dll!0x7ffe7c2bcdc1
000000AF44FDF790 00007FFE7C2BCC98 0000000000000000 0000000000000000 0000000000000000 0000000000000000 atidxx64.dll!0x7ffe7c2bcc98
000000AF44FDF7C0 00007FFE7C2BCF2F 0000000000000000 000001C959332D40 0000000000000000 0000000000000000 atidxx64.dll!0x7ffe7c2bcf2f
000000AF44FDF7F0 00007FFE7C2B1069 000001C953CC81A0 0000000000000000 0000000000000000 0000000000000000 atidxx64.dll!0x7ffe7c2b1069
000000AF44FDF820 00007FFE7C464A74 0000000000000000 0000000000000000 0000000000000000 0000000000000000 atidxx64.dll!0x7ffe7c464a74
000000AF44FDF850 00007FFE8D897034 0000000000000000 0000000000000000 0000000000000000 0000000000000000 kernel32.dll!0x7ffe8d897034
000000AF44FDF880 00007FFE8DAE2651 0000000000000000 0000000000000000 0000000000000000 0000000000000000 ntdll.dll!0x7ffe8dae2651

Thread 3748:
Stack            EIP              Arg0             Arg1             Arg2             Arg3             Address
000000AF450DFBD8 00007FFE8DB2CDC4 0000000000000000 0000000000000000 0000000000000000 0000000000000000 ntdll.dll!0x7ffe8db2cdc4
000000AF450DFBE0 00007FFE8B2D1ACE 000001C9592EE7F0 000001C900000000 000001C900000000 0000000000000E0C kernelbase.dll!0x7ffe8b2d1ace
000000AF450DFC80 0000000055515D07 0000000000000000 000000AF450DFCE8 000001C95930C930 000000005598E3FB atiumd6a.dll!0x55515d07
000000AF450DFCB0 000000005554326F 000001C900000000 0000000000000000 0000000000000000 0000000000000000 atiumd6a.dll!0x5554326f
000000AF450DFD00 000000005598C030 0000000000000000 0000000000000000 0000000000000000 0000000000000000 atiumd6a.dll!0x5598c030
000000AF450DFD30 00007FFE8D897034 0000000000000000 0000000000000000 0000000000000000 0000000000000000 kernel32.dll!0x7ffe8d897034
000000AF450DFD60 00007FFE8DAE2651 0000000000000000 0000000000000000 0000000000000000 0000000000000000 ntdll.dll!0x7ffe8dae2651

Thread 3534:
Stack            EIP              Arg0             Arg1             Arg2             Arg3             Address
000000AF451DFB48 00007FFE8DB2CDC4 0000000000000000 0000000000000000 000001C958965ED0 000000000000008E ntdll.dll!0x7ffe8db2cdc4
000000AF451DFB50 00007FFE8B2D1ACE FFFFFFFFFFFFFFFF 0000000000000FC8 000000AF00000000 0000000000000FD0 kernelbase.dll!0x7ffe8b2d1ace
000000AF451DFBF0 00007FFE397128CC 0000000000000000 00007FFE8B1BF05B 000001C953F74A00 0000000000000000 obs.dll!0x7ffe397128cc
000000AF451DFC20 00007FFE3B5313E6 FFFFFFFFFFFFFFFF 000000AF451DFCA9 0000000000000000 0000000000000000 obs-scripting.dll!0x7ffe3b5313e6
000000AF451DFC60 00007FFE61147A26 000001C959425260 0000000000000000 0000000000000000 0000000000000000 w32-pthreads.dll!0x7ffe61147a26
000000AF451DFD10 00007FFE8B1D1BB2 0000000000000000 0000000000000000 0000000000000000 0000000000000000 ucrtbase.dll!0x7ffe8b1d1bb2
000000AF451DFD40 00007FFE8D897034 0000000000000000 0000000000000000 0000000000000000 0000000000000000 kernel32.dll!0x7ffe8d897034
000000AF451DFD70 00007FFE8DAE2651 0000000000000000 0000000000000000 0000000000000000 0000000000000000 ntdll.dll!0x7ffe8dae2651

Thread 47DC:
Stack            EIP              Arg0             Arg1             Arg2             Arg3             Address
000000AF452DFC48 00007FFE8B71A104 002B004900440047 006E006900570020 00000077006F0064 0000E705E28E5911 win32u.dll!0x7ffe8b71a104
000000AF452DFC50 00007FFE8CC0078E 0000000000000000 000001C962191EF0 0000000000000000 000001C962191EF0 user32.dll!0x7ffe8cc0078e
000000AF452DFC90 00007FFE739690E0 0000000000000000 0000000000001190 0000000000000000 0000000000000000 gdiplus.dll!0x7ffe739690e0
000000AF452DFD00 00007FFE7396903F 0000000000000000 0000000000000000 0000000000000000 0000000000000000 gdiplus.dll!0x7ffe7396903f
000000AF452DFD30 00007FFE8D897034 0000000000000000 0000000000000000 0000000000000000 0000000000000000 kernel32.dll!0x7ffe8d897034
000000AF452DFD60 00007FFE8DAE2651 0000000000000000 0000000000000000 0000000000000000 0000000000000000 ntdll.dll!0x7ffe8dae2651

Thread 7508: win-wasapi: reconnect thread
Stack            EIP              Arg0             Arg1             Arg2             Arg3             Address
000000AF454DF9D8 00007FFE8DB2D894 000000AF454DFB90 000000AF454DF9F8 0000000000000000 000001C94F143C90 ntdll.dll!0x7ffe8db2d894
000000AF454DF9E0 00007FFE8B2FCBC0 00007FFE37657AE8 0000000000000000 000001C953D210D0 0000000000000000 kernelbase.dll!0x7ffe8b2fcbc0
000000AF454DFCD0 00007FFE8B2FCABE 000001C9594CA840 000001C953D210D0 0000000000000000 0000000000000000 kernelbase.dll!0x7ffe8b2fcabe
000000AF454DFD10 00007FFE37653748 0000000000000000 0000000000000000 0000000000000000 0000000000000000 win-wasapi.dll!0x7ffe37653748
000000AF454DFD50 00007FFE8D897034 0000000000000000 0000000000000000 0000000000000000 0000000000000000 kernel32.dll!0x7ffe8d897034
000000AF454DFD80 00007FFE8DAE2651 0000000000000000 0000000000000000 0000000000000000 0000000000000000 ntdll.dll!0x7ffe8dae2651

Thread 2D78:
Stack            EIP              Arg0             Arg1             Arg2             Arg3             Address
000000AF455DF738 00007FFE8DB30794 0000000000000000 0000000000000000 000001C9588D1270 0000000000000000 ntdll.dll!0x7ffe8db30794
000000AF455DF740 00007FFE8DAE2DC7 0000000000000000 0000000000000000 0000000000000000 0000000000000000 ntdll.dll!0x7ffe8dae2dc7
000000AF455DFA40 00007FFE8D897034 0000000000000000 0000000000000000 0000000000000000 0000000000000000 kernel32.dll!0x7ffe8d897034
000000AF455DFA70 00007FFE8DAE2651 0000000000000000 0000000000000000 0000000000000000 0000000000000000 ntdll.dll!0x7ffe8dae2651

Thread 6D3C: win-wasapi: reconnect thread
Stack            EIP              Arg0             Arg1             Arg2             Arg3             Address
000000AF456DF468 00007FFE8DB2D894 000000AF456DF620 000000AF456DF488 0000000000000000 000001C94F143C90 ntdll.dll!0x7ffe8db2d894
000000AF456DF470 00007FFE8B2FCBC0 00007FFE37657AE8 0000000000000000 000001C953D21410 0000000000000000 kernelbase.dll!0x7ffe8b2fcbc0
000000AF456DF760 00007FFE8B2FCABE 000001C9594CAD80 000001C953D21410 0000000000000000 0000000000000000 kernelbase.dll!0x7ffe8b2fcabe
000000AF456DF7A0 00007FFE37653748 0000000000000000 0000000000000000 0000000000000000 0000000000000000 win-wasapi.dll!0x7ffe37653748
000000AF456DF7E0 00007FFE8D897034 0000000000000000 0000000000000000 0000000000000000 0000000000000000 kernel32.dll!0x7ffe8d897034
000000AF456DF810 00007FFE8DAE2651 0000000000000000 0000000000000000 0000000000000000 0000000000000000 ntdll.dll!0x7ffe8dae2651

Thread 7994:
Stack            EIP              Arg0             Arg1             Arg2             Arg3             Address
000000AF457DFA48 00007FFE8DB30794 000001C9588D2A78 000001C9588D2A78 000001C9588D1270 000001C959155940 ntdll.dll!0x7ffe8db30794
000000AF457DFA50 00007FFE8DAE2DC7 0000000000000000 0000000000000000 0000000000000000 0000000000000000 ntdll.dll!0x7ffe8dae2dc7
000000AF457DFD50 00007FFE8D897034 0000000000000000 0000000000000000 0000000000000000 0000000000000000 kernel32.dll!0x7ffe8d897034
000000AF457DFD80 00007FFE8DAE2651 0000000000000000 0000000000000000 0000000000000000 0000000000000000 ntdll.dll!0x7ffe8dae2651

Thread 7094:
Stack            EIP              Arg0             Arg1             Arg2             Arg3             Address
000000AF458DF938 00007FFE8DB2CE64 0000000000000000 0000000000000000 0000000000000001 00007FFE8A8D0000 ntdll.dll!0x7ffe8db2ce64
000000AF458DF940 00007FFE8A8D10AB 00007FFE8A8DD620 000001C9594CB620 0000000000000000 0000000000000000 mswsock.dll!0x7ffe8a8d10ab
000000AF458DF9A0 00007FFE8D897034 0000000000000000 0000000000000000 0000000000000000 0000000000000000 kernel32.dll!0x7ffe8d897034
000000AF458DF9D0 00007FFE8DAE2651 0000000000000000 0000000000000000 0000000000000000 0000000000000000 ntdll.dll!0x7ffe8dae2651

Loaded modules:
Base Address                      Module
00007FF73AE50000-00007FF73B150000 C:\Program Files\obs-studio64\rundir\Release\bin\64bit\obs64.exe
00007FFE8DA90000-00007FFE8DC87000 C:\Windows\SYSTEM32\ntdll.dll
00007FFE8D880000-00007FFE8D93D000 C:\Windows\System32\KERNEL32.DLL
00007FFE8B2B0000-00007FFE8B57D000 C:\Windows\System32\KERNELBASE.dll
00007FFE8B740000-00007FFE8B896000 C:\Windows\System32\CRYPT32.dll
00007FFE8B1B0000-00007FFE8B2B0000 C:\Windows\System32\ucrtbase.dll
00007FFE57170000-00007FFE57203000 C:\Program Files\obs-studio64\rundir\Release\bin\64bit\libcurl.dll
00007FFE39F00000-00007FFE3A1DF000 C:\Program Files\obs-studio64\rundir\Release\bin\64bit\avutil-56.dll
00007FFE8B580000-00007FFE8B5A7000 C:\Windows\System32\bcrypt.dll
00007FFE8CBE0000-00007FFE8CD80000 C:\Windows\System32\USER32.dll
00007FFE3A1E0000-00007FFE3B505000 C:\Program Files\obs-studio64\rundir\Release\bin\64bit\avcodec-58.dll
00007FFE8D4C0000-00007FFE8D55E000 C:\Windows\System32\msvcrt.dll
00007FFE8B710000-00007FFE8B732000 C:\Windows\System32\win32u.dll
00007FFE8C760000-00007FFE8C7B6000 C:\Windows\System32\WLDAP32.dll
00007FFE8D590000-00007FFE8D6BA000 C:\Windows\System32\ole32.dll
00007FFE8D3E0000-00007FFE8D40A000 C:\Windows\System32\GDI32.dll
00007FFE8CD80000-00007FFE8CDEB000 C:\Windows\System32\WS2_32.dll
00007FFE39CA0000-00007FFE39EF6000 C:\Program Files\obs-studio64\rundir\Release\bin\64bit\avformat-58.dll
00007FFE8BC90000-00007FFE8BDB5000 C:\Windows\System32\RPCRT4.dll
00007FFE8B5B0000-00007FFE8B6BB000 C:\Windows\System32\gdi32full.dll
00007FFE8C880000-00007FFE8CBD4000 C:\Windows\System32\combase.dll
00007FFE8D410000-00007FFE8D4BE000 C:\Windows\System32\ADVAPI32.dll
00007FFE87B00000-00007FFE87B0B000 C:\Program Files\obs-studio64\rundir\Release\bin\64bit\obs-frontend-api.dll
00007FFE8B8A0000-00007FFE8B93D000 C:\Windows\System32\msvcp_win.dll
00007FFE8D9A0000-00007FFE8DA3C000 C:\Windows\System32\sechost.dll
00007FFE8BDC0000-00007FFE8C504000 C:\Windows\System32\SHELL32.dll
00007FFE57110000-00007FFE57164000 C:\Program Files\obs-studio64\rundir\Release\bin\64bit\Qt5Svg.dll
00007FFE39760000-00007FFE39C9F000 C:\Program Files\obs-studio64\rundir\Release\bin\64bit\Qt5Widgets.dll
00007FFE535E0000-00007FFE53617000 C:\Program Files\obs-studio64\rundir\Release\bin\64bit\Qt5Xml.dll
00007FFE39690000-00007FFE3975A000 C:\Program Files\obs-studio64\rundir\Release\bin\64bit\obs.dll
00007FFE429A0000-00007FFE429DD000 C:\Program Files\obs-studio64\rundir\Release\bin\64bit\Qt5WinExtras.dll
00007FFE39070000-00007FFE3968C000 C:\Program Files\obs-studio64\rundir\Release\bin\64bit\Qt5Gui.dll
00007FFE8D310000-00007FFE8D3DD000 C:\Windows\System32\OLEAUT32.dll
00007FFE38AA0000-00007FFE39064000 C:\Program Files\obs-studio64\rundir\Release\bin\64bit\Qt5Core.dll
000000006C740000-000000006D058000 C:\Program Files\obs-studio64\rundir\Release\bin\64bit\libSvtAv1Enc.dll
0000000062500000-00000000627BA000 C:\Program Files\obs-studio64\rundir\Release\bin\64bit\libopus-0.dll
000000006B6C0000-000000006BFAF000 C:\Program Files\obs-studio64\rundir\Release\bin\64bit\libaom.dll
000000006D540000-000000006D5CD000 C:\Program Files\obs-studio64\rundir\Release\bin\64bit\libvorbis-0.dll
0000000066280000-00000000664E1000 C:\Program Files\obs-studio64\rundir\Release\bin\64bit\libvpx-1.dll
000000006AD00000-000000006AD23000 C:\Program Files\obs-studio64\rundir\Release\bin\64bit\zlib.dll
00007FFE386C0000-00007FFE38A99000 C:\Program Files\obs-studio64\rundir\Release\bin\64bit\libx264-163.dll
00007FFE83080000-00007FFE8323C000 C:\Windows\SYSTEM32\MFPlat.DLL
0000000069D00000-0000000069E5C000 C:\Program Files\obs-studio64\rundir\Release\bin\64bit\libsrt.dll
00000000667C0000-00000000668A9000 C:\Program Files\obs-studio64\rundir\Release\bin\64bit\librist.dll
00007FFE80E40000-00007FFE80E4C000 C:\Windows\SYSTEM32\Secur32.dll
00007FFE8B6C0000-00007FFE8B70E000 C:\Windows\System32\cfgmgr32.dll
00007FFE8C590000-00007FFE8C63D000 C:\Windows\System32\shcore.dll
00007FFE5F070000-00007FFE5F097000 C:\Program Files\obs-studio64\rundir\Release\bin\64bit\swresample-3.dll
00007FFE805B0000-00007FFE805CB000 C:\Windows\SYSTEM32\VCRUNTIME140.dll
00007FFE66540000-00007FFE665CE000 C:\Windows\SYSTEM32\MSVCP140.dll
00007FFE804A0000-00007FFE804AC000 C:\Windows\SYSTEM32\VCRUNTIME140_1.dll
00007FFE88990000-00007FFE889BF000 C:\Windows\SYSTEM32\dwmapi.dll
00007FFE886D0000-00007FFE8876E000 C:\Windows\SYSTEM32\UxTheme.dll
00007FFE74AE0000-00007FFE74AE9000 C:\Windows\SYSTEM32\MSVCP140_1.dll
00007FFE38620000-00007FFE386BD000 C:\Program Files\obs-studio64\rundir\Release\bin\64bit\swscale-5.dll
00007FFE61140000-00007FFE61152000 C:\Program Files\obs-studio64\rundir\Release\bin\64bit\w32-pthreads.dll
00007FFE81010000-00007FFE81037000 C:\Windows\SYSTEM32\WINMM.dll
00007FFE85DC0000-00007FFE85DCA000 C:\Windows\SYSTEM32\AVRT.dll
00007FFE87030000-00007FFE87293000 C:\Windows\SYSTEM32\d3d11.dll
00007FFE89A70000-00007FFE89B63000 C:\Windows\SYSTEM32\dxgi.dll
00007FFE80E50000-00007FFE80E6F000 C:\Windows\SYSTEM32\MPR.dll
00007FFE8B070000-00007FFE8B09E000 C:\Windows\SYSTEM32\USERENV.dll
00007FFE81170000-00007FFE8117A000 C:\Windows\SYSTEM32\VERSION.dll
00007FFE7F8C0000-00007FFE7F8DA000 C:\Windows\SYSTEM32\NETAPI32.dll
0000000070680000-00000000706DF000 C:\Program Files\obs-studio64\rundir\Release\bin\64bit\libogg-0.dll
00007FFE80910000-00007FFE80919000 C:\Windows\SYSTEM32\WSOCK32.dll
000000006D840000-000000006D8C0000 C:\Program Files\obs-studio64\rundir\Release\bin\64bit\libmbedcrypto.dll
00007FFE8B0A0000-00007FFE8B0D2000 C:\Windows\SYSTEM32\SSPICLI.DLL
00007FFE8A6E0000-00007FFE8A6EC000 C:\Windows\SYSTEM32\NETUTILS.DLL
00007FFE78280000-00007FFE782A8000 C:\Windows\SYSTEM32\SRVCLI.DLL
00007FFE8AAF0000-00007FFE8AAFC000 C:\Windows\SYSTEM32\CRYPTBASE.DLL
00000000000C0000-000000000019A000 C:\Program Files\obs-studio64\rundir\Release\bin\64bit\libvorbisenc-2.dll
00007FFE89250000-00007FFE89262000 C:\Windows\SYSTEM32\kernel.appcore.dll
00007FFE8B940000-00007FFE8B9C2000 C:\Windows\System32\bcryptPrimitives.dll
00007FFE82BB0000-00007FFE82BE4000 C:\Windows\SYSTEM32\RTWorkQ.DLL
00007FFE8D560000-00007FFE8D590000 C:\Windows\System32\IMM32.DLL
00007FFE89270000-00007FFE89A04000 C:\Windows\SYSTEM32\windows.storage.dll
00007FFE8AC10000-00007FFE8AC3C000 C:\Windows\SYSTEM32\Wldp.dll
00007FFE8D940000-00007FFE8D995000 C:\Windows\System32\shlwapi.dll
00007FFE8A5D0000-00007FFE8A60B000 C:\Windows\SYSTEM32\iphlpapi.dll
00007FFE38560000-00007FFE3861E000 C:\Program Files\obs-studio64\rundir\Release\bin\64bit\platforms\qwindows.dll
00007FFE88650000-00007FFE88664000 C:\Windows\SYSTEM32\WTSAPI32.dll
00007FFE8B0F0000-00007FFE8B10F000 C:\Windows\SYSTEM32\profapi.dll
00007FFE8AB70000-00007FFE8ABBB000 C:\Windows\SYSTEM32\powrprof.dll
00007FFE8AB50000-00007FFE8AB62000 C:\Windows\SYSTEM32\UMPDC.dll
00007FFE5EFF0000-00007FFE5F016000 C:\Program Files\obs-studio64\rundir\Release\bin\64bit\styles\qwindowsvistastyle.dll
00007FFE5EF20000-00007FFE5EF2D000 C:\Program Files\obs-studio64\rundir\Release\bin\64bit\imageformats\qgif.dll
00007FFE384F0000-00007FFE3855A000 C:\Program Files\obs-studio64\rundir\Release\bin\64bit\imageformats\qjpeg.dll
00007FFE5EF10000-00007FFE5EF1C000 C:\Program Files\obs-studio64\rundir\Release\bin\64bit\imageformats\qsvg.dll
00007FFE8C7D0000-00007FFE8C879000 C:\Windows\System32\clbcatq.dll
00007FFE83510000-00007FFE83595000 C:\Windows\System32\MMDevApi.dll
00007FFE8AF60000-00007FFE8AF8C000 C:\Windows\System32\DEVOBJ.dll
00007FFE835A0000-00007FFE83722000 C:\Windows\SYSTEM32\AUDIOSES.DLL
00007FFE79E50000-00007FFE79F91000 C:\Windows\System32\Windows.UI.dll
00007FFE79C90000-00007FFE79D89000 C:\Windows\System32\TextInputFramework.dll
00007FFE79890000-00007FFE799E2000 C:\Windows\System32\InputHost.dll
00007FFE85110000-00007FFE851B1000 C:\Windows\System32\WindowManagementAPI.dll
00007FFE87B30000-00007FFE87E8E000 C:\Windows\System32\CoreUIComponents.dll
00007FFE88210000-00007FFE88302000 C:\Windows\System32\CoreMessaging.dll
00007FFE86A70000-00007FFE86BC4000 C:\Windows\SYSTEM32\wintypes.dll
00007FFE84F10000-00007FFE85110000 C:\Windows\SYSTEM32\twinapi.appcore.dll
00007FFE88800000-00007FFE888F6000 C:\Windows\System32\PROPSYS.dll
00007FFE89E70000-00007FFE89EA3000 C:\Windows\SYSTEM32\ntmarta.dll
00007FFE66440000-00007FFE6648D000 C:\Windows\SYSTEM32\wscapi.dll
00007FFE782B0000-00007FFE7849C000 C:\Windows\SYSTEM32\urlmon.dll
00007FFE80190000-00007FFE80441000 C:\Windows\SYSTEM32\iertutil.dll
00007FFE5EF00000-00007FFE5EF0E000 C:\Program Files\obs-studio64\rundir\Release\bin\64bit\iconengines\qsvgicon.dll
00007FFE73520000-00007FFE7379F000 C:\Windows\system32\dwrite.dll
00007FFE42970000-00007FFE4299A000 C:\Program Files\obs-studio64\rundir\Release\bin\64bit\libobs-d3d11.dll
00007FFE79410000-00007FFE795DF000 C:\Windows\SYSTEM32\d3d9.dll
00007FFE86BD0000-00007FFE8702D000 C:\Windows\SYSTEM32\D3DCompiler_47.dll
00007FFE8AB00000-00007FFE8AB18000 C:\Windows\SYSTEM32\CRYPTSP.dll
00007FFE383E0000-00007FFE384E6000 C:\Windows\System32\DriverStore\FileRepository\nvlt.inf_amd64_1d55d0088e9acd04\nvldumdx.dll
00007FFE8ADA0000-00007FFE8ADB2000 C:\Windows\SYSTEM32\msasn1.dll
00007FFE7E310000-00007FFE7E341000 C:\Windows\SYSTEM32\cryptnet.dll
00007FFE7D890000-00007FFE7D9D8000 C:\Windows\SYSTEM32\drvstore.dll
00007FFE8B9D0000-00007FFE8BA37000 C:\Windows\System32\WINTRUST.DLL
00007FFE8D2F0000-00007FFE8D30D000 C:\Windows\System32\imagehlp.dll
00007FFE8A250000-00007FFE8A284000 C:\Windows\system32\rsaenh.dll
00007FFDEC120000-00007FFDF0B27000 C:\Windows\System32\DriverStore\FileRepository\nvlt.inf_amd64_1d55d0088e9acd04\nvwgf2umx.dll
00007FFE82140000-00007FFE8217B000 C:\Windows\SYSTEM32\dxcore.dll
00007FFE57240000-00007FFE57254000 C:\Program Files\obs-studio64\rundir\Release\bin\64bit\libobs-winrt.dll
00007FFE3B7F0000-00007FFE3B928000 C:\Program Files\obs-studio64\rundir\Release\bin\64bit\Qt5Network.DLL
00007FFE8A610000-00007FFE8A6DB000 C:\Windows\SYSTEM32\DNSAPI.dll
00007FFE8DA40000-00007FFE8DA48000 C:\Windows\System32\NSI.dll
00007FFE3B620000-00007FFE3B7EC000 C:\Program Files\obs-studio64\rundir\Release\obs-plugins\64bit\aja-output-ui.dll
00007FFE8CE80000-00007FFE8D2EF000 C:\Windows\System32\SETUPAPI.dll
00007FFE38060000-00007FFE38265000 C:\Program Files\obs-studio64\rundir\Release\obs-plugins\64bit\aja.dll
00007FFE57230000-00007FFE57240000 C:\Program Files\obs-studio64\rundir\Release\obs-plugins\64bit\coreaudio-encoder.dll
00007FFE57220000-00007FFE5722F000 C:\Program Files\obs-studio64\rundir\Release\obs-plugins\64bit\decklink-captions.dll
00007FFE42890000-00007FFE428BF000 C:\Program Files\obs-studio64\rundir\Release\obs-plugins\64bit\decklink-output-ui.dll
00007FFE53900000-00007FFE53913000 C:\Program Files\obs-studio64\rundir\Release\obs-plugins\64bit\decklink.dll
00007FFE3B5C0000-00007FFE3B612000 C:\Program Files\obs-studio64\rundir\Release\obs-plugins\64bit\enc-amf.dll
00007FFE25330000-00007FFE25793000 C:\Windows\SYSTEM32\amfrt64.dll
00007FFE70680000-00007FFE706A4000 C:\Windows\SYSTEM32\dxva2.dll
00007FFE3BFB0000-00007FFE3C0D6000 C:\Windows\SYSTEM32\OPENGL32.dll
00007FFE51C70000-00007FFE51C9C000 C:\Windows\SYSTEM32\GLU32.dll
00007FFE80A00000-00007FFE80BDB000 C:\Windows\System32\DriverStore\FileRepository\u0367370.inf_amd64_91993e9548c2eda2\B363211\aticfx64.dll
00007FFE80CB0000-00007FFE80CE8000 C:\Windows\System32\DriverStore\FileRepository\u0367370.inf_amd64_91993e9548c2eda2\B363211\atiuxp64.dll
00007FFE7B990000-00007FFE7D88E000 C:\Windows\System32\DriverStore\FileRepository\u0367370.inf_amd64_91993e9548c2eda2\B363211\atidxx64.dll
00007FFE88470000-00007FFE88500000 C:\Windows\SYSTEM32\apphelp.dll
00007FFE80700000-00007FFE8072F000 C:\Windows\SYSTEM32\amdihk64.dll
00007FFE7F9E0000-00007FFE7FA0B000 C:\Windows\SYSTEM32\D3DSCache.dll
0000000055420000-00000000562DE000 C:\Windows\System32\DriverStore\FileRepository\u0367370.inf_amd64_91993e9548c2eda2\B363211\atiumd6a.dll
00000000569D0000-00000000569FA000 C:\Windows\System32\DriverStore\FileRepository\u0367370.inf_amd64_91993e9548c2eda2\B363211\amduve64.dll
00007FFE3B560000-00007FFE3B5B7000 C:\Program Files\obs-studio64\rundir\Release\obs-plugins\64bit\frontend-tools.dll
00007FFE3B530000-00007FFE3B554000 C:\Program Files\obs-studio64\rundir\Release\bin\64bit\obs-scripting.dll
00007FFE37FE0000-00007FFE38055000 C:\Program Files\obs-studio64\rundir\Release\bin\64bit\lua51.dll
00007FFE37FA0000-00007FFE37FD4000 C:\Program Files\obs-studio64\rundir\Release\obs-plugins\64bit\iklanlive-plugin.dll
00007FFE37F60000-00007FFE37F99000 C:\Program Files\obs-studio64\rundir\Release\bin\64bit\cpr.dll
00007FFE57210000-00007FFE5721D000 C:\Program Files\obs-studio64\rundir\Release\obs-plugins\64bit\image-source.dll
00007FFE37EA0000-00007FFE37F5D000 C:\Program Files\obs-studio64\rundir\Release\obs-plugins\64bit\obs-browser.dll
00007FFDCA5C0000-00007FFDD449C000 C:\Program Files\obs-studio64\rundir\Release\obs-plugins\64bit\libcef.dll
00007FFE8BB50000-00007FFE8BC2B000 C:\Windows\System32\COMDLG32.dll
00007FFE88E40000-00007FFE89024000 C:\Windows\SYSTEM32\dbghelp.dll
00007FFE50760000-00007FFE50A55000 C:\Windows\SYSTEM32\UIAutomationCore.DLL
00007FFE737A0000-00007FFE73850000 C:\Windows\WinSxS\amd64_microsoft.windows.common-controls_6595b64144ccf1df_5.82.19041.1110_none_792d1c772443f647\COMCTL32.dll
00007FFE73850000-00007FFE738B6000 C:\Windows\SYSTEM32\OLEACC.dll
00007FFE89A10000-00007FFE89A1D000 C:\Windows\SYSTEM32\HID.DLL
00007FFE8AC80000-00007FFE8ACA7000 C:\Windows\SYSTEM32\ncrypt.dll
00007FFE37D70000-00007FFE37E9F000 C:\Program Files\obs-studio64\rundir\Release\obs-plugins\64bit\chrome_elf.dll
00007FFE5DC20000-00007FFE5DC39000 C:\Windows\SYSTEM32\USP10.dll
00007FFE738C0000-00007FFE73954000 C:\Windows\SYSTEM32\WINSPOOL.DRV
00007FFE11160000-00007FFE1117A000 C:\Windows\SYSTEM32\credui.dll
00007FFE37D10000-00007FFE37D61000 C:\Windows\SYSTEM32\CRYPTUI.dll
00007FFE85380000-00007FFE8548A000 C:\Windows\SYSTEM32\WINHTTP.dll
00007FFE82180000-00007FFE8219D000 C:\Windows\SYSTEM32\dhcpcsvc.DLL
00007FFE86260000-00007FFE862C5000 C:\Windows\SYSTEM32\wevtapi.dll
00007FFE6AE80000-00007FFE6B356000 C:\Windows\SYSTEM32\WININET.dll
00007FFE7A570000-00007FFE7A89B000 C:\Windows\SYSTEM32\ESENT.dll
00007FFE85E50000-00007FFE85E5A000 C:\Windows\SYSTEM32\DSROLE.DLL
00007FFE8A370000-00007FFE8A389000 C:\Windows\SYSTEM32\WKSCLI.DLL
00007FFE84850000-00007FFE84869000 C:\Windows\SYSTEM32\SAMCLI.DLL
00007FFE8AC40000-00007FFE8AC7B000 C:\Windows\SYSTEM32\NTASN1.dll
00007FFE37CE0000-00007FFE37D03000 C:\Program Files\obs-studio64\rundir\Release\obs-plugins\64bit\obs-ffmpeg.dll
00007FFE37CB0000-00007FFE37CDB000 C:\Program Files\obs-studio64\rundir\Release\bin\64bit\avdevice-58.dll
00007FFE4D800000-00007FFE4D819000 C:\Windows\SYSTEM32\AVICAP32.dll
00007FFE378D0000-00007FFE37CA5000 C:\Program Files\obs-studio64\rundir\Release\bin\64bit\avfilter-7.dll
00007FFE378A0000-00007FFE378CB000 C:\Windows\SYSTEM32\MSVFW32.dll
00007FFE37850000-00007FFE3789A000 C:\Program Files\obs-studio64\rundir\Release\obs-plugins\64bit\obs-filters.dll
00007FFE377B0000-00007FFE37850000 C:\Program Files\obs-studio64\rundir\Release\obs-plugins\64bit\obs-outputs.dll
00007FFE4D730000-00007FFE4D74C000 C:\Program Files\obs-studio64\rundir\Release\obs-plugins\64bit\obs-qsv11.dll
00007FFDF9800000-00007FFDFB0B1000 C:\Windows\System32\DriverStore\FileRepository\nvlt.inf_amd64_1d55d0088e9acd04\nvd3dumx.dll
00007FFE57100000-00007FFE5710F000 C:\Program Files\obs-studio64\rundir\Release\obs-plugins\64bit\obs-text.dll
00007FFE73960000-00007FFE73B05000 C:\Windows\WinSxS\amd64_microsoft.windows.gdiplus_6595b64144ccf1df_1.1.19041.1706_none_919e8e54cc8d4ca1\gdiplus.dll
00007FFE42960000-00007FFE4296E000 C:\Program Files\obs-studio64\rundir\Release\obs-plugins\64bit\obs-transitions.dll
00007FFE8C640000-00007FFE8C755000 C:\Windows\System32\MSCTF.dll
00007FFE42870000-00007FFE42882000 C:\Program Files\obs-studio64\rundir\Release\obs-plugins\64bit\obs-vst.dll
00007FFE3B520000-00007FFE3B52C000 C:\Program Files\obs-studio64\rundir\Release\obs-plugins\64bit\obs-x264.dll
00007FFE37790000-00007FFE377A1000 C:\Program Files\obs-studio64\rundir\Release\obs-plugins\64bit\rtmp-services.dll
00007FFE376F0000-00007FFE37785000 C:\Program Files\obs-studio64\rundir\Release\obs-plugins\64bit\text-freetype2.dll
00007FFE3B510000-00007FFE3B51D000 C:\Program Files\obs-studio64\rundir\Release\obs-plugins\64bit\vlc-video.dll
00007FFE376D0000-00007FFE376E9000 C:\Program Files\obs-studio64\rundir\Release\obs-plugins\64bit\win-capture.dll
00007FFE376A0000-00007FFE376D0000 C:\Program Files\obs-studio64\rundir\Release\obs-plugins\64bit\win-dshow.dll
00007FFE37680000-00007FFE3769D000 C:\Windows\System32\devenum.dll
00007FFE37670000-00007FFE3767B000 C:\Windows\SYSTEM32\msdmo.dll
00007FFE37660000-00007FFE37667000 C:\Program Files\obs-studio64\rundir\Release\obs-plugins\64bit\win-mf.dll
00007FFE37650000-00007FFE3765E000 C:\Program Files\obs-studio64\rundir\Release\obs-plugins\64bit\win-wasapi.dll
00007FFE8A8D0000-00007FFE8A93A000 C:\Windows\system32\mswsock.dll
00007FFE889C0000-00007FFE889D4000 C:\Windows\SYSTEM32\resourcepolicyclient.dll
00007FFE81350000-00007FFE8135A000 C:\Windows\System32\rasadhlp.dll
00007FFE80BE0000-00007FFE80C60000 C:\Windows\System32\fwpuclnt.dll
00007FFE80020000-00007FFE8004C000 C:\Windows\SYSTEM32\dbgcore.DLL
